// Jest Snapshot v1, https://goo.gl/fbAQLP

exports[`<Jobs /> should render properly with data 1`] = `
@keyframes animation-0 {
  0% {
    -webkit-transform: rotate(0deg);
    -ms-transform: rotate(0deg);
    transform: rotate(0deg);
  }

  100% {
    -webkit-transform: rotate(360deg);
    -ms-transform: rotate(360deg);
    transform: rotate(360deg);
  }
}

.emotion-61 {
  padding: 16px;
}

.emotion-60 {
  width: 100%;
  border-spacing: 0;
}

.emotion-60 th {
  color: #b3b3b3;
  background-color: #2e2e2e;
  padding: 12px 16px;
  border-bottom: 1px solid #4d4948;
}

.emotion-60 th:nth-of-type(2) {
  width: 100%;
}

.emotion-60 th:not(:last-child) {
  border-right: 1px solid #4d4948;
}

.emotion-60 tr {
  background-color: #121212;
}

.emotion-60 tr:hover {
  background-color: #2e2e2e;
}

.emotion-60 tr:hover td {
  border: 1px solid #4d4948;
  border-left: 0;
  border-right: 0;
}

.emotion-60 tr:hover td:first-of-type {
  border: 1px solid #4d4948;
  border-right: 0;
}

.emotion-60 tr:hover td:last-of-type {
  border: 1px solid #4d4948;
  border-left: 0;
}

.emotion-60 td {
  white-space: nowrap;
  color: #b3b3b3;
  padding: 8px 16px;
  border: 1px solid transparent;
  border-left: 0;
  border-right: 0;
}

.emotion-60 td:first-of-type {
  border: 1px solid transparent;
  border-right: 0;
}

.emotion-60 td:last-of-type {
  border: 1px solid transparent;
  border-left: 0;
}

.emotion-0 {
  display: -webkit-box;
  display: -webkit-flex;
  display: -ms-flexbox;
  display: flex;
}

.emotion-15 {
  background-color: #121212;
}

.emotion-15:nth-of-type(2n) {
  background-color: #1d1d1d;
}

.emotion-9 {
  display: -webkit-inline-box;
  display: -webkit-inline-flex;
  display: -ms-inline-flexbox;
  display: inline-flex;
  -webkit-align-items: center;
  -webkit-box-align: center;
  -ms-flex-align: center;
  align-items: center;
  padding: 8px;
  height: 24px;
  border-radius: 2px;
  color: #fff;
  background-color: #4a90e2;
}

.emotion-14 {
  display: -webkit-box;
  display: -webkit-flex;
  display: -ms-flexbox;
  display: flex;
  height: 16px;
  width: 200px;
}

.emotion-10 {
  height: 100%;
  -webkit-flex: 5 0 auto;
  -ms-flex: 5 0 auto;
  flex: 5 0 auto;
  background-color: #4ac565;
}

.emotion-10:first-of-type {
  border-top-left-radius: 2px;
  border-bottom-left-radius: 2px;
}

.emotion-10:last-of-type {
  border-top-right-radius: 2px;
  border-bottom-right-radius: 2px;
}

.emotion-11 {
  height: 100%;
  -webkit-flex: 1 0 auto;
  -ms-flex: 1 0 auto;
  flex: 1 0 auto;
  background-color: #ce2d3f;
}

.emotion-11:first-of-type {
  border-top-left-radius: 2px;
  border-bottom-left-radius: 2px;
}

.emotion-11:last-of-type {
  border-top-right-radius: 2px;
  border-bottom-right-radius: 2px;
}

.emotion-12 {
  height: 100%;
  -webkit-flex: 5 0 auto;
  -ms-flex: 5 0 auto;
  flex: 5 0 auto;
  background-color: #4a90e2;
}

.emotion-12:first-of-type {
  border-top-left-radius: 2px;
  border-bottom-left-radius: 2px;
}

.emotion-12:last-of-type {
  border-top-right-radius: 2px;
  border-bottom-right-radius: 2px;
}

.emotion-13 {
  height: 100%;
  -webkit-flex: 5 0 auto;
  -ms-flex: 5 0 auto;
  flex: 5 0 auto;
  background-color: #404040;
}

.emotion-13:first-of-type {
  border-top-left-radius: 2px;
  border-bottom-left-radius: 2px;
}

.emotion-13:last-of-type {
  border-top-right-radius: 2px;
  border-bottom-right-radius: 2px;
}

.emotion-23 {
  display: -webkit-inline-box;
  display: -webkit-inline-flex;
  display: -ms-inline-flexbox;
  display: inline-flex;
  -webkit-align-items: center;
  -webkit-box-align: center;
  -ms-flex-align: center;
  align-items: center;
  padding: 8px;
  height: 24px;
  border-radius: 2px;
  color: #fff;
  background-color: #f5a623;
}

.emotion-27 {
  display: -webkit-inline-box;
  display: -webkit-inline-flex;
  display: -ms-inline-flexbox;
  display: inline-flex;
  -webkit-align-items: center;
  -webkit-box-align: center;
  -ms-flex-align: center;
  align-items: center;
  padding: 8px;
  height: 24px;
  border-radius: 2px;
  color: #000000;
  background-color: #b3b3b3;
}

.emotion-28 {
  color: #4d4948;
}

.emotion-30 {
  display: -webkit-inline-box;
  display: -webkit-inline-flex;
  display: -ms-inline-flexbox;
  display: inline-flex;
  -webkit-align-items: center;
  -webkit-box-align: center;
  -ms-flex-align: center;
  align-items: center;
  padding: 8px;
  height: 24px;
  border-radius: 2px;
  color: #fff;
  background-color: #4ac565;
}

.emotion-41 {
  display: -webkit-box;
  display: -webkit-flex;
  display: -ms-flexbox;
  display: flex;
  -webkit-align-items: center;
  -webkit-box-align: center;
  -ms-flex-align: center;
  align-items: center;
  color: #4a90e2;
}

.emotion-39 {
  color: #4a90e2;
  -webkit-animation: animation-0 2s linear infinite;
  animation: animation-0 2s linear infinite;
}

.emotion-40 {
  padding-left: 8px;
}

.emotion-56 {
  height: 100%;
  -webkit-flex: 1 0 auto;
  -ms-flex: 1 0 auto;
  flex: 1 0 auto;
  background-color: #4ac565;
}

.emotion-56:first-of-type {
  border-top-left-radius: 2px;
  border-bottom-left-radius: 2px;
}

.emotion-56:last-of-type {
  border-top-right-radius: 2px;
  border-bottom-right-radius: 2px;
}

<div
  className="emotion-61"
>
  <h2>
    Data Queue
  </h2>
  <table
    className="emotion-60"
  >
    <thead>
      <tr>
        <th>
          <div
            className="emotion-0"
          >
            Status
          </div>
        </th>
        <th>
          <div
            className="emotion-0"
          >
            Job Name
          </div>
        </th>
        <th>
          <div
            className="emotion-0"
          >
            Created By
          </div>
        </th>
        <th>
          <div
            className="emotion-0"
          >
            Priority
          </div>
        </th>
        <th>
          <div
            className="emotion-0"
          >
            Created
          </div>
        </th>
        <th>
          <div
            className="emotion-0"
          >
            Failed
          </div>
        </th>
        <th>
          <div
            className="emotion-0"
          >
            Errors
          </div>
        </th>
        <th>
          <div
            className="emotion-0"
          >
            # Assets
          </div>
        </th>
        <th>
          <div
            className="emotion-0"
          >
            Progress
          </div>
        </th>
      </tr>
    </thead>
    <tbody>
      <tr
        className="emotion-15"
      >
        <td>
          <div
            className="emotion-9"
          >
            Active
          </div>
        </td>
        <td>
          test-whitespace.json
        </td>
        <td>
          admin
        </td>
        <td>
          100
        </td>
        <td>
          2019-11-07 01:38:36
        </td>
        <td>
          <div
            style={
              Object {
                "color": "red",
              }
            }
          >
            1
          </div>
        </td>
        <td>
          <div
            style={
              Object {
                "color": "red",
              }
            }
          >
            4
          </div>
        </td>
        <td>
          numAsets
        </td>
        <td>
          <div
            className="emotion-14"
          >
            <div
              className="emotion-10"
            />
            <div
              className="emotion-11"
            />
            <div
              className="emotion-12"
            />
            <div
              className="emotion-13"
            />
          </div>
        </td>
      </tr>
      <tr
        className="emotion-15"
      >
        <td>
          <div
            className="emotion-9"
          >
            Active
          </div>
        </td>
        <td>
          test-whitespace.json
        </td>
        <td>
          admin
        </td>
        <td>
          100
        </td>
        <td>
          2019-11-07 01:38:36
        </td>
        <td>
          <div
            style={
              Object {
                "color": "red",
              }
            }
          >
            1
          </div>
        </td>
        <td>
          <div
            style={
              Object {
                "color": "red",
              }
            }
          >
            4
          </div>
        </td>
        <td>
          numAsets
        </td>
        <td>
          <div
            className="emotion-14"
          >
            <div
              className="emotion-10"
            />
            <div
              className="emotion-11"
            />
            <div
              className="emotion-12"
            />
            <div
              className="emotion-13"
            />
          </div>
        </td>
      </tr>
      <tr
        className="emotion-15"
      >
        <td>
          <div
            className="emotion-23"
          >
            Paused
          </div>
        </td>
        <td>
          test-whitespace.json
        </td>
        <td>
          admin
        </td>
        <td>
          100
        </td>
        <td>
          2019-11-07 01:36:29
        </td>
        <td>
          <div
            style={
              Object {
                "color": "red",
              }
            }
          >
            1
          </div>
        </td>
        <td>
          <div
            style={
              Object {
                "color": "red",
              }
            }
          >
            4
          </div>
        </td>
        <td>
          numAsets
        </td>
        <td>
          <div
            className="emotion-14"
          >
            <div
              className="emotion-11"
            />
          </div>
        </td>
      </tr>
      <tr
        className="emotion-15"
      >
        <td>
          <div
            className="emotion-27"
          >
            Canceled
          </div>
        </td>
        <td>
          test-whitespace.json
        </td>
        <td>
          admin
        </td>
        <td>
          100
        </td>
        <td>
          2019-11-07 01:35:36
        </td>
        <td>
          <div
            style={
              Object {
                "color": "red",
              }
            }
          >
            1
          </div>
        </td>
        <td>
          <div
            style={
              Object {
                "color": "red",
              }
            }
          >
            4
          </div>
        </td>
        <td>
          numAsets
        </td>
        <td>
          <div
            className="emotion-28"
          >
            Canceled by: admin
          </div>
        </td>
      </tr>
      <tr
        className="emotion-15"
      >
        <td>
          <div
            className="emotion-30"
          >
            Finished
          </div>
        </td>
        <td>
          test_officer
        </td>
        <td>
          zach@zorroa.com
        </td>
        <td>
          100
        </td>
        <td>
          2019-10-11 21:11:03
        </td>
        <td>
          <div
            style={
              Object {
                "color": "red",
              }
            }
          >
            1
          </div>
        </td>
        <td>
          <div
            style={
              Object {
                "color": "red",
              }
            }
          >
            4
          </div>
        </td>
        <td>
          numAsets
        </td>
        <td>
          <div
            className="emotion-14"
          >
            <div
              className="emotion-11"
            />
          </div>
        </td>
      </tr>
      <tr
        className="emotion-15"
      >
        <td>
          <div
            className="emotion-9"
          >
            Active
          </div>
        </td>
        <td>
          test_officer
        </td>
        <td>
          zach@zorroa.com
        </td>
        <td>
          100
        </td>
        <td>
          2019-10-11 21:03:27
        </td>
        <td>
          <div
            style={
              Object {
                "color": "red",
              }
            }
          >
            1
          </div>
        </td>
        <td>
          <div
            style={
              Object {
                "color": "red",
              }
            }
          >
            3
          </div>
        </td>
        <td>
          numAsets
        </td>
        <td>
          <div
            className="emotion-14"
          >
            <div
              className="emotion-11"
            />
          </div>
        </td>
      </tr>
      <tr
        className="emotion-15"
      >
        <td>
          <div
            className="emotion-9"
          >
            Active
          </div>
        </td>
        <td>
          flipbook_export_1
        </td>
        <td>
          admin
        </td>
        <td>
          1
        </td>
        <td>
          2019-08-01 22:52:19
        </td>
        <td />
        <td>
          <div
            style={
              Object {
                "color": "red",
              }
            }
          >
            3
          </div>
        </td>
        <td>
          numAsets
        </td>
        <td>
          <div
            className="emotion-41"
          >
            <svg
              className="emotion-39"
              data-file-name="generating.svg"
            />
            <div
              className="emotion-40"
            >
              Generating
            </div>
          </div>
        </td>
      </tr>
      <tr
        className="emotion-15"
      >
        <td>
          <div
            className="emotion-9"
          >
            Active
          </div>
        </td>
        <td>
          export_7_8_2019
        </td>
        <td>
          admin
        </td>
        <td>
          1
        </td>
        <td>
          2019-07-08 18:53:44
        </td>
        <td>
          <div
            style={
              Object {
                "color": "red",
              }
            }
          >
            1
          </div>
        </td>
        <td />
        <td>
          numAsets
        </td>
        <td>
          <div
            className="emotion-14"
          >
            <div
              className="emotion-11"
            />
          </div>
        </td>
      </tr>
      <tr
        className="emotion-15"
      >
        <td>
          <div
            className="emotion-9"
          >
            Active
          </div>
        </td>
        <td>
          export_7_8_2019___
        </td>
        <td>
          admin
        </td>
        <td>
          1
        </td>
        <td>
          2019-07-08 18:43:03
        </td>
        <td>
          <div
            style={
              Object {
                "color": "red",
              }
            }
          >
            1
          </div>
        </td>
        <td />
        <td>
          numAsets
        </td>
        <td>
          <div
            className="emotion-14"
          >
            <div
              className="emotion-11"
            />
          </div>
        </td>
      </tr>
      <tr
        className="emotion-15"
      >
        <td>
          <div
            className="emotion-9"
          >
            Active
          </div>
        </td>
        <td>
          sdlc-testdata-import.json
        </td>
        <td>
          admin
        </td>
        <td>
          100
        </td>
        <td>
          2019-07-03 16:49:15
        </td>
        <td>
          <div
            style={
              Object {
                "color": "red",
              }
            }
          >
            1
          </div>
        </td>
        <td />
        <td>
          numAsets
        </td>
        <td>
          <div
            className="emotion-14"
          >
            <div
              className="emotion-11"
            />
          </div>
        </td>
      </tr>
      <tr
        className="emotion-15"
      >
        <td>
          <div
            className="emotion-9"
          >
            Active
          </div>
        </td>
        <td>
          sdlc-testdata-import.json
        </td>
        <td>
          admin
        </td>
        <td>
          100
        </td>
        <td>
          2019-07-03 01:29:41
        </td>
        <td>
          <div
            style={
              Object {
                "color": "red",
              }
            }
          >
            1
          </div>
        </td>
        <td>
          <div
            style={
              Object {
                "color": "red",
              }
            }
          >
            49
          </div>
        </td>
        <td>
          numAsets
        </td>
        <td>
          <div
            className="emotion-14"
          >
            <div
              className="emotion-56"
            />
            <div
              className="emotion-11"
            />
          </div>
        </td>
      </tr>
    </tbody>
  </table>
  <div>
     
  </div>
  <Pagination
    currentPage={1}
    legend="Jobs: 1–17 of 415"
    nextLink="/?page=2"
    onClick={[Function]}
    prevLink="/"
    totalPages={2}
  />
  <div>
    <button
      onClick={[Function]}
      type="button"
    >
      Open Modal
    </button>
  </div>
</div>
`;

exports[`<Jobs /> should render properly without data 1`] = `
@keyframes animation-0 {
  0% {
    -webkit-transform: rotate(0deg);
    -ms-transform: rotate(0deg);
    transform: rotate(0deg);
  }

  100% {
    -webkit-transform: rotate(360deg);
    -ms-transform: rotate(360deg);
    transform: rotate(360deg);
  }
}

.emotion-61 {
  padding: 16px;
}

.emotion-60 {
  width: 100%;
  border-spacing: 0;
}

.emotion-60 th {
  color: #b3b3b3;
  background-color: #2e2e2e;
  padding: 12px 16px;
  border-bottom: 1px solid #4d4948;
}

.emotion-60 th:nth-of-type(2) {
  width: 100%;
}

.emotion-60 th:not(:last-child) {
  border-right: 1px solid #4d4948;
}

.emotion-60 tr {
  background-color: #121212;
}

.emotion-60 tr:hover {
  background-color: #2e2e2e;
}

.emotion-60 tr:hover td {
  border: 1px solid #4d4948;
  border-left: 0;
  border-right: 0;
}

.emotion-60 tr:hover td:first-of-type {
  border: 1px solid #4d4948;
  border-right: 0;
}

.emotion-60 tr:hover td:last-of-type {
  border: 1px solid #4d4948;
  border-left: 0;
}

.emotion-60 td {
  white-space: nowrap;
  color: #b3b3b3;
  padding: 8px 16px;
  border: 1px solid transparent;
  border-left: 0;
  border-right: 0;
}

.emotion-60 td:first-of-type {
  border: 1px solid transparent;
  border-right: 0;
}

.emotion-60 td:last-of-type {
  border: 1px solid transparent;
  border-left: 0;
}

.emotion-0 {
  display: -webkit-box;
  display: -webkit-flex;
  display: -ms-flexbox;
  display: flex;
}

.emotion-15 {
  background-color: #121212;
}

.emotion-15:nth-of-type(2n) {
  background-color: #1d1d1d;
}

.emotion-9 {
  display: -webkit-inline-box;
  display: -webkit-inline-flex;
  display: -ms-inline-flexbox;
  display: inline-flex;
  -webkit-align-items: center;
  -webkit-box-align: center;
  -ms-flex-align: center;
  align-items: center;
  padding: 8px;
  height: 24px;
  border-radius: 2px;
  color: #fff;
  background-color: #4a90e2;
}

.emotion-14 {
  display: -webkit-box;
  display: -webkit-flex;
  display: -ms-flexbox;
  display: flex;
  height: 16px;
  width: 200px;
}

.emotion-10 {
  height: 100%;
  -webkit-flex: 5 0 auto;
  -ms-flex: 5 0 auto;
  flex: 5 0 auto;
  background-color: #4ac565;
}

.emotion-10:first-of-type {
  border-top-left-radius: 2px;
  border-bottom-left-radius: 2px;
}

.emotion-10:last-of-type {
  border-top-right-radius: 2px;
  border-bottom-right-radius: 2px;
}

.emotion-11 {
  height: 100%;
  -webkit-flex: 1 0 auto;
  -ms-flex: 1 0 auto;
  flex: 1 0 auto;
  background-color: #ce2d3f;
}

.emotion-11:first-of-type {
  border-top-left-radius: 2px;
  border-bottom-left-radius: 2px;
}

.emotion-11:last-of-type {
  border-top-right-radius: 2px;
  border-bottom-right-radius: 2px;
}

.emotion-12 {
  height: 100%;
  -webkit-flex: 5 0 auto;
  -ms-flex: 5 0 auto;
  flex: 5 0 auto;
  background-color: #4a90e2;
}

.emotion-12:first-of-type {
  border-top-left-radius: 2px;
  border-bottom-left-radius: 2px;
}

.emotion-12:last-of-type {
  border-top-right-radius: 2px;
  border-bottom-right-radius: 2px;
}

.emotion-13 {
  height: 100%;
  -webkit-flex: 5 0 auto;
  -ms-flex: 5 0 auto;
  flex: 5 0 auto;
  background-color: #404040;
}

.emotion-13:first-of-type {
  border-top-left-radius: 2px;
  border-bottom-left-radius: 2px;
}

.emotion-13:last-of-type {
  border-top-right-radius: 2px;
  border-bottom-right-radius: 2px;
}

.emotion-23 {
  display: -webkit-inline-box;
  display: -webkit-inline-flex;
  display: -ms-inline-flexbox;
  display: inline-flex;
  -webkit-align-items: center;
  -webkit-box-align: center;
  -ms-flex-align: center;
  align-items: center;
  padding: 8px;
  height: 24px;
  border-radius: 2px;
  color: #fff;
  background-color: #f5a623;
}

.emotion-27 {
  display: -webkit-inline-box;
  display: -webkit-inline-flex;
  display: -ms-inline-flexbox;
  display: inline-flex;
  -webkit-align-items: center;
  -webkit-box-align: center;
  -ms-flex-align: center;
  align-items: center;
  padding: 8px;
  height: 24px;
  border-radius: 2px;
  color: #000000;
  background-color: #b3b3b3;
}

.emotion-28 {
  color: #4d4948;
}

.emotion-30 {
  display: -webkit-inline-box;
  display: -webkit-inline-flex;
  display: -ms-inline-flexbox;
  display: inline-flex;
  -webkit-align-items: center;
  -webkit-box-align: center;
  -ms-flex-align: center;
  align-items: center;
  padding: 8px;
  height: 24px;
  border-radius: 2px;
  color: #fff;
  background-color: #4ac565;
}

.emotion-41 {
  display: -webkit-box;
  display: -webkit-flex;
  display: -ms-flexbox;
  display: flex;
  -webkit-align-items: center;
  -webkit-box-align: center;
  -ms-flex-align: center;
  align-items: center;
  color: #4a90e2;
}

.emotion-39 {
  color: #4a90e2;
  -webkit-animation: animation-0 2s linear infinite;
  animation: animation-0 2s linear infinite;
}

.emotion-40 {
  padding-left: 8px;
}

.emotion-56 {
  height: 100%;
  -webkit-flex: 1 0 auto;
  -ms-flex: 1 0 auto;
  flex: 1 0 auto;
  background-color: #4ac565;
}

.emotion-56:first-of-type {
  border-top-left-radius: 2px;
  border-bottom-left-radius: 2px;
}

.emotion-56:last-of-type {
  border-top-right-radius: 2px;
  border-bottom-right-radius: 2px;
}

<div
  className="emotion-61"
>
  <h2>
    Data Queue
  </h2>
  <table
    className="emotion-60"
  >
    <thead>
      <tr>
        <th>
          <div
            className="emotion-0"
          >
            Status
          </div>
        </th>
        <th>
          <div
            className="emotion-0"
          >
            Job Name
          </div>
        </th>
        <th>
          <div
            className="emotion-0"
          >
            Created By
          </div>
        </th>
        <th>
          <div
            className="emotion-0"
          >
            Priority
          </div>
        </th>
        <th>
          <div
            className="emotion-0"
          >
            Created
          </div>
        </th>
        <th>
          <div
            className="emotion-0"
          >
            Failed
          </div>
        </th>
        <th>
          <div
            className="emotion-0"
          >
            Errors
          </div>
        </th>
        <th>
          <div
            className="emotion-0"
          >
            # Assets
          </div>
        </th>
        <th>
          <div
            className="emotion-0"
          >
            Progress
          </div>
        </th>
      </tr>
    </thead>
    <tbody>
      <tr
        className="emotion-15"
      >
        <td>
          <div
            className="emotion-9"
          >
            Active
          </div>
        </td>
        <td>
          test-whitespace.json
        </td>
        <td>
          admin
        </td>
        <td>
          100
        </td>
        <td>
          2019-11-07 01:38:36
        </td>
        <td>
          <div
            style={
              Object {
                "color": "red",
              }
            }
          >
            1
          </div>
        </td>
        <td>
          <div
            style={
              Object {
                "color": "red",
              }
            }
          >
            4
          </div>
        </td>
        <td>
          numAsets
        </td>
        <td>
          <div
            className="emotion-14"
          >
            <div
              className="emotion-10"
            />
            <div
              className="emotion-11"
            />
            <div
              className="emotion-12"
            />
            <div
              className="emotion-13"
            />
          </div>
        </td>
      </tr>
      <tr
        className="emotion-15"
      >
        <td>
          <div
            className="emotion-9"
          >
            Active
          </div>
        </td>
        <td>
          test-whitespace.json
        </td>
        <td>
          admin
        </td>
        <td>
          100
        </td>
        <td>
          2019-11-07 01:38:36
        </td>
        <td>
          <div
            style={
              Object {
                "color": "red",
              }
            }
          >
            1
          </div>
        </td>
        <td>
          <div
            style={
              Object {
                "color": "red",
              }
            }
          >
            4
          </div>
        </td>
        <td>
          numAsets
        </td>
        <td>
          <div
            className="emotion-14"
          >
            <div
              className="emotion-10"
            />
            <div
              className="emotion-11"
            />
            <div
              className="emotion-12"
            />
            <div
              className="emotion-13"
            />
          </div>
        </td>
      </tr>
      <tr
        className="emotion-15"
      >
        <td>
          <div
            className="emotion-23"
          >
            Paused
          </div>
        </td>
        <td>
          test-whitespace.json
        </td>
        <td>
          admin
        </td>
        <td>
          100
        </td>
        <td>
          2019-11-07 01:36:29
        </td>
        <td>
          <div
            style={
              Object {
                "color": "red",
              }
            }
          >
            1
          </div>
        </td>
        <td>
          <div
            style={
              Object {
                "color": "red",
              }
            }
          >
            4
          </div>
        </td>
        <td>
          numAsets
        </td>
        <td>
          <div
            className="emotion-14"
          >
            <div
              className="emotion-11"
            />
          </div>
        </td>
      </tr>
      <tr
        className="emotion-15"
      >
        <td>
          <div
            className="emotion-27"
          >
            Canceled
          </div>
        </td>
        <td>
          test-whitespace.json
        </td>
        <td>
          admin
        </td>
        <td>
          100
        </td>
        <td>
          2019-11-07 01:35:36
        </td>
        <td>
          <div
            style={
              Object {
                "color": "red",
              }
            }
          >
            1
          </div>
        </td>
        <td>
          <div
            style={
              Object {
                "color": "red",
              }
            }
          >
            4
          </div>
        </td>
        <td>
          numAsets
        </td>
        <td>
          <div
            className="emotion-28"
          >
            Canceled by: admin
          </div>
        </td>
      </tr>
      <tr
        className="emotion-15"
      >
        <td>
          <div
            className="emotion-30"
          >
            Finished
          </div>
        </td>
        <td>
          test_officer
        </td>
        <td>
          zach@zorroa.com
        </td>
        <td>
          100
        </td>
        <td>
          2019-10-11 21:11:03
        </td>
        <td>
          <div
            style={
              Object {
                "color": "red",
              }
            }
          >
            1
          </div>
        </td>
        <td>
          <div
            style={
              Object {
                "color": "red",
              }
            }
          >
            4
          </div>
        </td>
        <td>
          numAsets
        </td>
        <td>
          <div
            className="emotion-14"
          >
            <div
              className="emotion-11"
            />
          </div>
        </td>
      </tr>
      <tr
        className="emotion-15"
      >
        <td>
          <div
            className="emotion-9"
          >
            Active
          </div>
        </td>
        <td>
          test_officer
        </td>
        <td>
          zach@zorroa.com
        </td>
        <td>
          100
        </td>
        <td>
          2019-10-11 21:03:27
        </td>
        <td>
          <div
            style={
              Object {
                "color": "red",
              }
            }
          >
            1
          </div>
        </td>
        <td>
          <div
            style={
              Object {
                "color": "red",
              }
            }
          >
            3
          </div>
        </td>
        <td>
          numAsets
        </td>
        <td>
          <div
            className="emotion-14"
          >
            <div
              className="emotion-11"
            />
          </div>
        </td>
      </tr>
      <tr
        className="emotion-15"
      >
        <td>
          <div
            className="emotion-9"
          >
            Active
          </div>
        </td>
        <td>
          flipbook_export_1
        </td>
        <td>
          admin
        </td>
        <td>
          1
        </td>
        <td>
          2019-08-01 22:52:19
        </td>
        <td />
        <td>
          <div
            style={
              Object {
                "color": "red",
              }
            }
          >
            3
          </div>
        </td>
        <td>
          numAsets
        </td>
        <td>
          <div
            className="emotion-41"
          >
            <svg
              className="emotion-39"
              data-file-name="generating.svg"
            />
            <div
              className="emotion-40"
            >
              Generating
            </div>
          </div>
        </td>
      </tr>
      <tr
        className="emotion-15"
      >
        <td>
          <div
            className="emotion-9"
          >
            Active
          </div>
        </td>
        <td>
          export_7_8_2019
        </td>
        <td>
          admin
        </td>
        <td>
          1
        </td>
        <td>
          2019-07-08 18:53:44
        </td>
        <td>
          <div
            style={
              Object {
                "color": "red",
              }
            }
          >
            1
          </div>
        </td>
        <td />
        <td>
          numAsets
        </td>
        <td>
          <div
            className="emotion-14"
          >
            <div
              className="emotion-11"
            />
          </div>
        </td>
      </tr>
      <tr
        className="emotion-15"
      >
        <td>
          <div
            className="emotion-9"
          >
            Active
          </div>
        </td>
        <td>
          export_7_8_2019___
        </td>
        <td>
          admin
        </td>
        <td>
          1
        </td>
        <td>
          2019-07-08 18:43:03
        </td>
        <td>
          <div
            style={
              Object {
                "color": "red",
              }
            }
          >
            1
          </div>
        </td>
        <td />
        <td>
          numAsets
        </td>
        <td>
          <div
            className="emotion-14"
          >
            <div
              className="emotion-11"
            />
          </div>
        </td>
      </tr>
      <tr
        className="emotion-15"
      >
        <td>
          <div
            className="emotion-9"
          >
            Active
          </div>
        </td>
        <td>
          sdlc-testdata-import.json
        </td>
        <td>
          admin
        </td>
        <td>
          100
        </td>
        <td>
          2019-07-03 16:49:15
        </td>
        <td>
          <div
            style={
              Object {
                "color": "red",
              }
            }
          >
            1
          </div>
        </td>
        <td />
        <td>
          numAsets
        </td>
        <td>
          <div
            className="emotion-14"
          >
            <div
              className="emotion-11"
            />
          </div>
        </td>
      </tr>
      <tr
        className="emotion-15"
      >
        <td>
          <div
            className="emotion-9"
          >
            Active
          </div>
        </td>
        <td>
          sdlc-testdata-import.json
        </td>
        <td>
          admin
        </td>
        <td>
          100
        </td>
        <td>
          2019-07-03 01:29:41
        </td>
        <td>
          <div
            style={
              Object {
                "color": "red",
              }
            }
          >
            1
          </div>
        </td>
        <td>
          <div
            style={
              Object {
                "color": "red",
              }
            }
          >
            49
          </div>
        </td>
        <td>
          numAsets
        </td>
        <td>
          <div
            className="emotion-14"
          >
            <div
              className="emotion-56"
            />
            <div
              className="emotion-11"
            />
          </div>
        </td>
      </tr>
    </tbody>
  </table>
  <div>
     
  </div>
  <Pagination
    currentPage={1}
    legend="Jobs: 1–17 of 415"
    nextLink="/?page=2"
    onClick={[Function]}
    prevLink="/"
    totalPages={2}
  />
  <div>
    <button
      onClick={[Function]}
      type="button"
    >
      Open Modal
    </button>
  </div>
</div>
`;
