// Jest Snapshot v1, https://goo.gl/fbAQLP

exports[`<Metrics /> should render properly 1`] = `
Array [
  .emotion-8 {
  padding: 16px;
  padding-bottom: 24px;
}

.emotion-0 {
  padding-bottom: 12px;
}

.emotion-7 {
  display: -webkit-box;
  display: -webkit-flex;
  display: -ms-flexbox;
  display: flex;
  height: 9px;
  position: relative;
}

.emotion-6 {
  display: -webkit-box;
  display: -webkit-flex;
  display: -ms-flexbox;
  display: flex;
  width: 100%;
}

.emotion-1 {
  height: 100%;
  -webkit-flex: 0.11 0 auto;
  -ms-flex: 0.11 0 auto;
  flex: 0.11 0 auto;
  min-width: 8px;
  background-color: #4a90e2;
}

.emotion-1:hover:before {
  content: '';
  display: block;
  position: relative;
  height: 12px;
  top: -1px;
  border: 2px solid #ffffff;
}

.emotion-1:first-of-type {
  border-top-left-radius: 2px;
  border-bottom-left-radius: 2px;
}

.emotion-1:first-of-type:hover:before {
  border-top-left-radius: 2px;
  border-bottom-left-radius: 2px;
}

.emotion-1:last-of-type {
  border-top-right-radius: 2px;
  border-bottom-right-radius: 2px;
}

.emotion-1:last-of-type:hover:before {
  border-top-right-radius: 2px;
  border-bottom-right-radius: 2px;
}

.emotion-2 {
  height: 100%;
  -webkit-flex: 0.26 0 auto;
  -ms-flex: 0.26 0 auto;
  flex: 0.26 0 auto;
  min-width: 8px;
  background-color: #d6680b;
}

.emotion-2:hover:before {
  content: '';
  display: block;
  position: relative;
  height: 12px;
  top: -1px;
  border: 2px solid #ffffff;
}

.emotion-2:first-of-type {
  border-top-left-radius: 2px;
  border-bottom-left-radius: 2px;
}

.emotion-2:first-of-type:hover:before {
  border-top-left-radius: 2px;
  border-bottom-left-radius: 2px;
}

.emotion-2:last-of-type {
  border-top-right-radius: 2px;
  border-bottom-right-radius: 2px;
}

.emotion-2:last-of-type:hover:before {
  border-top-right-radius: 2px;
  border-bottom-right-radius: 2px;
}

.emotion-3 {
  height: 100%;
  -webkit-flex: undefined 0 auto;
  -ms-flex: undefined 0 auto;
  flex: undefined 0 auto;
  min-width: 8px;
  background-color: #4ac565;
}

.emotion-3:hover:before {
  content: '';
  display: block;
  position: relative;
  height: 12px;
  top: -1px;
  border: 2px solid #ffffff;
}

.emotion-3:first-of-type {
  border-top-left-radius: 2px;
  border-bottom-left-radius: 2px;
}

.emotion-3:first-of-type:hover:before {
  border-top-left-radius: 2px;
  border-bottom-left-radius: 2px;
}

.emotion-3:last-of-type {
  border-top-right-radius: 2px;
  border-bottom-right-radius: 2px;
}

.emotion-3:last-of-type:hover:before {
  border-top-right-radius: 2px;
  border-bottom-right-radius: 2px;
}

.emotion-4 {
  height: 100%;
  -webkit-flex: undefined 0 auto;
  -ms-flex: undefined 0 auto;
  flex: undefined 0 auto;
  min-width: 8px;
  background-color: #ebb52e;
}

.emotion-4:hover:before {
  content: '';
  display: block;
  position: relative;
  height: 12px;
  top: -1px;
  border: 2px solid #ffffff;
}

.emotion-4:first-of-type {
  border-top-left-radius: 2px;
  border-bottom-left-radius: 2px;
}

.emotion-4:first-of-type:hover:before {
  border-top-left-radius: 2px;
  border-bottom-left-radius: 2px;
}

.emotion-4:last-of-type {
  border-top-right-radius: 2px;
  border-bottom-right-radius: 2px;
}

.emotion-4:last-of-type:hover:before {
  border-top-right-radius: 2px;
  border-bottom-right-radius: 2px;
}

.emotion-5 {
  height: 100%;
  -webkit-flex: 0 0 auto;
  -ms-flex: 0 0 auto;
  flex: 0 0 auto;
  min-width: 8px;
  background-color: #4a90e2;
}

.emotion-5:hover:before {
  content: '';
  display: block;
  position: relative;
  height: 12px;
  top: -1px;
  border: 2px solid #ffffff;
}

.emotion-5:first-of-type {
  border-top-left-radius: 2px;
  border-bottom-left-radius: 2px;
}

.emotion-5:first-of-type:hover:before {
  border-top-left-radius: 2px;
  border-bottom-left-radius: 2px;
}

.emotion-5:last-of-type {
  border-top-right-radius: 2px;
  border-bottom-right-radius: 2px;
}

.emotion-5:last-of-type:hover:before {
  border-top-right-radius: 2px;
  border-bottom-right-radius: 2px;
}

<div
    className="emotion-8"
  >
    <div
      className="emotion-0"
    >
      Pipelines: 
      5
    </div>
    <div
      className="emotion-7"
    >
      <div
        className="emotion-6"
      >
        <div
          aria-label="zmlp_core.core.processors.PreCacheSourceFileProcessor"
          className="emotion-1"
          onKeyPress={[Function]}
          onMouseEnter={[Function]}
          onMouseLeave={[Function]}
          role="button"
          tabIndex="0"
        />
        <div
          aria-label="zmlp_core.image.importers.ImageImporter"
          className="emotion-2"
          onKeyPress={[Function]}
          onMouseEnter={[Function]}
          onMouseLeave={[Function]}
          role="button"
          tabIndex="0"
        />
        <div
          aria-label="zmlp_core.office.importers.OfficeImporter"
          className="emotion-3"
          onKeyPress={[Function]}
          onMouseEnter={[Function]}
          onMouseLeave={[Function]}
          role="button"
          tabIndex="0"
        />
        <div
          aria-label="zmlp_core.video.VideoImporter"
          className="emotion-4"
          onKeyPress={[Function]}
          onMouseEnter={[Function]}
          onMouseLeave={[Function]}
          role="button"
          tabIndex="0"
        />
        <div
          aria-label="zmlp_core.core.processors.AssertAttributesProcessor"
          className="emotion-5"
          onKeyPress={[Function]}
          onMouseEnter={[Function]}
          onMouseLeave={[Function]}
          role="button"
          tabIndex="0"
        />
      </div>
    </div>
  </div>,
  .emotion-26 {
  width: 100%;
}

.emotion-26:not(:first-of-type) {
  border-top: 4px solid #4a4a4a;
}

.emotion-1 {
  font-family: Roboto Condensed;
  padding: 16px;
}

.emotion-0 {
  padding-top: 8px;
  font-family: Roboto Mono;
  font-size: 14px;
  line-height: 18px;
  overflow: hidden;
  text-overflow: ellipsis;
}

.emotion-7 {
  display: -webkit-box;
  display: -webkit-flex;
  display: -ms-flexbox;
  display: flex;
}

.emotion-7:not(:first-of-type) {
  border-top: 1px solid #3b3b3b;
}

.emotion-7:hover {
  background-color: #027aff38;
}

.emotion-7:hover div {
  color: #ffffff;
}

.emotion-7:hover div svg {
  display: inline-block;
}

.emotion-2 {
  font-family: Roboto Condensed;
  color: #808080;
  padding: 12px;
  padding-left: 16px;
  padding-right: 8px;
  -webkit-flex: 1;
  -ms-flex: 1;
  flex: 1;
}

.emotion-3 {
  -webkit-flex: 4;
  -ms-flex: 4;
  flex: 4;
  font-family: Roboto Mono;
  font-size: 14px;
  line-height: 18px;
  color: #e0e0e0;
  padding: 12px;
  word-break: break-all;
}

.emotion-6 {
  width: 36px;
  padding-top: 12px;
  padding-left: 8px;
  padding-right: 16px;
}

.emotion-5 {
  -webkit-flex: 0;
  -ms-flex: 0;
  flex: 0;
  display: -webkit-box;
  display: -webkit-flex;
  display: -ms-flexbox;
  display: flex;
  -webkit-flex-direction: column;
  -ms-flex-direction: column;
  flex-direction: column;
  -webkit-align-items: center;
  -webkit-box-align: center;
  -ms-flex-align: center;
  align-items: center;
  -webkit-box-pack: center;
  -webkit-justify-content: center;
  -ms-flex-pack: center;
  justify-content: center;
  border-radius: 2px;
  margin: 0;
  padding: 12px 32px;
  white-space: nowrap;
  font-size: 15px;
  line-height: 19px;
  font-weight: 500;
  border: none;
  cursor: pointer;
  color: #ffffff;
  background-color: transparent;
  padding: 0;
}

.emotion-5:hover {
  -webkit-text-decoration: none;
  text-decoration: none;
}

.emotion-5[aria-disabled=true] {
  color: #2e2e2e;
}

.emotion-4 {
  display: none;
}

.emotion-4:hover {
  color: #ffffff;
}

<div
    className="emotion-26"
  >
    <div
      className="emotion-1"
    >
      PROCESSOR
      <div
        className="emotion-0"
        title="zmlp_core.core.processors.PreCacheSourceFileProcessor"
      >
        zmlp_core.core.processors.PreCacheSourceFileProcessor
      </div>
    </div>
    <div
      className="emotion-7"
    >
      <div
        className="emotion-2"
      >
        <span
          title="metrics.pipeline.module"
        >
          Module
        </span>
      </div>
      <div
        className="emotion-3"
        title="standard"
      >
        standard
      </div>
      <div
        className="emotion-6"
      >
        <button
          className="emotion-5"
          onClick={[Function]}
          title="Copy to Clipboard"
          type="button"
        >
          <svg
            className="emotion-4"
            color="#808080"
            data-file-name="copy.svg"
            width={20}
          />
        </button>
      </div>
    </div>
    <div
      className="emotion-7"
    >
      <div
        className="emotion-2"
      >
        <span
          title="metrics.pipeline.checksum"
        >
          Checksum
        </span>
      </div>
      <div
        className="emotion-3"
        title={1621235190}
      >
        1621235190
      </div>
      <div
        className="emotion-6"
      >
        <button
          className="emotion-5"
          onClick={[Function]}
          title="Copy to Clipboard"
          type="button"
        >
          <svg
            className="emotion-4"
            color="#808080"
            data-file-name="copy.svg"
            width={20}
          />
        </button>
      </div>
    </div>
    <div
      className="emotion-7"
    >
      <div
        className="emotion-2"
      >
        <span
          title="metrics.pipeline.executionTime"
        >
          Execution Time
        </span>
      </div>
      <div
        className="emotion-3"
        title={0.11}
      >
        0.11
      </div>
      <div
        className="emotion-6"
      >
        <button
          className="emotion-5"
          onClick={[Function]}
          title="Copy to Clipboard"
          type="button"
        >
          <svg
            className="emotion-4"
            color="#808080"
            data-file-name="copy.svg"
            width={20}
          />
        </button>
      </div>
    </div>
    <div
      className="emotion-7"
    >
      <div
        className="emotion-2"
      >
        <span
          title="metrics.pipeline.executionDate"
        >
          Execution Date
        </span>
      </div>
      <div
        className="emotion-3"
        title="2020-03-03T21:22:27.694149"
      >
        2020-03-03 9:22 UTC
      </div>
      <div
        className="emotion-6"
      >
        <button
          className="emotion-5"
          onClick={[Function]}
          title="Copy to Clipboard"
          type="button"
        >
          <svg
            className="emotion-4"
            color="#808080"
            data-file-name="copy.svg"
            width={20}
          />
        </button>
      </div>
    </div>
  </div>,
  .emotion-26 {
  width: 100%;
}

.emotion-26:not(:first-of-type) {
  border-top: 4px solid #4a4a4a;
}

.emotion-1 {
  font-family: Roboto Condensed;
  padding: 16px;
}

.emotion-0 {
  padding-top: 8px;
  font-family: Roboto Mono;
  font-size: 14px;
  line-height: 18px;
  overflow: hidden;
  text-overflow: ellipsis;
}

.emotion-7 {
  display: -webkit-box;
  display: -webkit-flex;
  display: -ms-flexbox;
  display: flex;
}

.emotion-7:not(:first-of-type) {
  border-top: 1px solid #3b3b3b;
}

.emotion-7:hover {
  background-color: #027aff38;
}

.emotion-7:hover div {
  color: #ffffff;
}

.emotion-7:hover div svg {
  display: inline-block;
}

.emotion-2 {
  font-family: Roboto Condensed;
  color: #808080;
  padding: 12px;
  padding-left: 16px;
  padding-right: 8px;
  -webkit-flex: 1;
  -ms-flex: 1;
  flex: 1;
}

.emotion-3 {
  -webkit-flex: 4;
  -ms-flex: 4;
  flex: 4;
  font-family: Roboto Mono;
  font-size: 14px;
  line-height: 18px;
  color: #e0e0e0;
  padding: 12px;
  word-break: break-all;
}

.emotion-6 {
  width: 36px;
  padding-top: 12px;
  padding-left: 8px;
  padding-right: 16px;
}

.emotion-5 {
  -webkit-flex: 0;
  -ms-flex: 0;
  flex: 0;
  display: -webkit-box;
  display: -webkit-flex;
  display: -ms-flexbox;
  display: flex;
  -webkit-flex-direction: column;
  -ms-flex-direction: column;
  flex-direction: column;
  -webkit-align-items: center;
  -webkit-box-align: center;
  -ms-flex-align: center;
  align-items: center;
  -webkit-box-pack: center;
  -webkit-justify-content: center;
  -ms-flex-pack: center;
  justify-content: center;
  border-radius: 2px;
  margin: 0;
  padding: 12px 32px;
  white-space: nowrap;
  font-size: 15px;
  line-height: 19px;
  font-weight: 500;
  border: none;
  cursor: pointer;
  color: #ffffff;
  background-color: transparent;
  padding: 0;
}

.emotion-5:hover {
  -webkit-text-decoration: none;
  text-decoration: none;
}

.emotion-5[aria-disabled=true] {
  color: #2e2e2e;
}

.emotion-4 {
  display: none;
}

.emotion-4:hover {
  color: #ffffff;
}

<div
    className="emotion-26"
  >
    <div
      className="emotion-1"
    >
      PROCESSOR
      <div
        className="emotion-0"
        title="zmlp_core.image.importers.ImageImporter"
      >
        zmlp_core.image.importers.ImageImporter
      </div>
    </div>
    <div
      className="emotion-7"
    >
      <div
        className="emotion-2"
      >
        <span
          title="metrics.pipeline.module"
        >
          Module
        </span>
      </div>
      <div
        className="emotion-3"
        title="standard"
      >
        standard
      </div>
      <div
        className="emotion-6"
      >
        <button
          className="emotion-5"
          onClick={[Function]}
          title="Copy to Clipboard"
          type="button"
        >
          <svg
            className="emotion-4"
            color="#808080"
            data-file-name="copy.svg"
            width={20}
          />
        </button>
      </div>
    </div>
    <div
      className="emotion-7"
    >
      <div
        className="emotion-2"
      >
        <span
          title="metrics.pipeline.checksum"
        >
          Checksum
        </span>
      </div>
      <div
        className="emotion-3"
        title={1426657387}
      >
        1426657387
      </div>
      <div
        className="emotion-6"
      >
        <button
          className="emotion-5"
          onClick={[Function]}
          title="Copy to Clipboard"
          type="button"
        >
          <svg
            className="emotion-4"
            color="#808080"
            data-file-name="copy.svg"
            width={20}
          />
        </button>
      </div>
    </div>
    <div
      className="emotion-7"
    >
      <div
        className="emotion-2"
      >
        <span
          title="metrics.pipeline.executionTime"
        >
          Execution Time
        </span>
      </div>
      <div
        className="emotion-3"
        title={0.26}
      >
        0.26
      </div>
      <div
        className="emotion-6"
      >
        <button
          className="emotion-5"
          onClick={[Function]}
          title="Copy to Clipboard"
          type="button"
        >
          <svg
            className="emotion-4"
            color="#808080"
            data-file-name="copy.svg"
            width={20}
          />
        </button>
      </div>
    </div>
    <div
      className="emotion-7"
    >
      <div
        className="emotion-2"
      >
        <span
          title="metrics.pipeline.executionDate"
        >
          Execution Date
        </span>
      </div>
      <div
        className="emotion-3"
        title="2020-03-03T21:22:28.215069"
      >
        2020-03-03 9:22 UTC
      </div>
      <div
        className="emotion-6"
      >
        <button
          className="emotion-5"
          onClick={[Function]}
          title="Copy to Clipboard"
          type="button"
        >
          <svg
            className="emotion-4"
            color="#808080"
            data-file-name="copy.svg"
            width={20}
          />
        </button>
      </div>
    </div>
  </div>,
  .emotion-14 {
  width: 100%;
}

.emotion-14:not(:first-of-type) {
  border-top: 4px solid #4a4a4a;
}

.emotion-1 {
  font-family: Roboto Condensed;
  padding: 16px;
}

.emotion-0 {
  padding-top: 8px;
  font-family: Roboto Mono;
  font-size: 14px;
  line-height: 18px;
  overflow: hidden;
  text-overflow: ellipsis;
}

.emotion-7 {
  display: -webkit-box;
  display: -webkit-flex;
  display: -ms-flexbox;
  display: flex;
}

.emotion-7:not(:first-of-type) {
  border-top: 1px solid #3b3b3b;
}

.emotion-7:hover {
  background-color: #027aff38;
}

.emotion-7:hover div {
  color: #ffffff;
}

.emotion-7:hover div svg {
  display: inline-block;
}

.emotion-2 {
  font-family: Roboto Condensed;
  color: #808080;
  padding: 12px;
  padding-left: 16px;
  padding-right: 8px;
  -webkit-flex: 1;
  -ms-flex: 1;
  flex: 1;
}

.emotion-3 {
  -webkit-flex: 4;
  -ms-flex: 4;
  flex: 4;
  font-family: Roboto Mono;
  font-size: 14px;
  line-height: 18px;
  color: #e0e0e0;
  padding: 12px;
  word-break: break-all;
}

.emotion-6 {
  width: 36px;
  padding-top: 12px;
  padding-left: 8px;
  padding-right: 16px;
}

.emotion-5 {
  -webkit-flex: 0;
  -ms-flex: 0;
  flex: 0;
  display: -webkit-box;
  display: -webkit-flex;
  display: -ms-flexbox;
  display: flex;
  -webkit-flex-direction: column;
  -ms-flex-direction: column;
  flex-direction: column;
  -webkit-align-items: center;
  -webkit-box-align: center;
  -ms-flex-align: center;
  align-items: center;
  -webkit-box-pack: center;
  -webkit-justify-content: center;
  -ms-flex-pack: center;
  justify-content: center;
  border-radius: 2px;
  margin: 0;
  padding: 12px 32px;
  white-space: nowrap;
  font-size: 15px;
  line-height: 19px;
  font-weight: 500;
  border: none;
  cursor: pointer;
  color: #ffffff;
  background-color: transparent;
  padding: 0;
}

.emotion-5:hover {
  -webkit-text-decoration: none;
  text-decoration: none;
}

.emotion-5[aria-disabled=true] {
  color: #2e2e2e;
}

.emotion-4 {
  display: none;
}

.emotion-4:hover {
  color: #ffffff;
}

<div
    className="emotion-14"
  >
    <div
      className="emotion-1"
    >
      PROCESSOR
      <div
        className="emotion-0"
        title="zmlp_core.office.importers.OfficeImporter"
      >
        zmlp_core.office.importers.OfficeImporter
      </div>
    </div>
    <div
      className="emotion-7"
    >
      <div
        className="emotion-2"
      >
        <span
          title="metrics.pipeline.module"
        >
          Module
        </span>
      </div>
      <div
        className="emotion-3"
        title="standard"
      >
        standard
      </div>
      <div
        className="emotion-6"
      >
        <button
          className="emotion-5"
          onClick={[Function]}
          title="Copy to Clipboard"
          type="button"
        >
          <svg
            className="emotion-4"
            color="#808080"
            data-file-name="copy.svg"
            width={20}
          />
        </button>
      </div>
    </div>
    <div
      className="emotion-7"
    >
      <div
        className="emotion-2"
      >
        <span
          title="metrics.pipeline.checksum"
        >
          Checksum
        </span>
      </div>
      <div
        className="emotion-3"
        title={2001473853}
      >
        2001473853
      </div>
      <div
        className="emotion-6"
      >
        <button
          className="emotion-5"
          onClick={[Function]}
          title="Copy to Clipboard"
          type="button"
        >
          <svg
            className="emotion-4"
            color="#808080"
            data-file-name="copy.svg"
            width={20}
          />
        </button>
      </div>
    </div>
  </div>,
  .emotion-14 {
  width: 100%;
}

.emotion-14:not(:first-of-type) {
  border-top: 4px solid #4a4a4a;
}

.emotion-1 {
  font-family: Roboto Condensed;
  padding: 16px;
}

.emotion-0 {
  padding-top: 8px;
  font-family: Roboto Mono;
  font-size: 14px;
  line-height: 18px;
  overflow: hidden;
  text-overflow: ellipsis;
}

.emotion-7 {
  display: -webkit-box;
  display: -webkit-flex;
  display: -ms-flexbox;
  display: flex;
}

.emotion-7:not(:first-of-type) {
  border-top: 1px solid #3b3b3b;
}

.emotion-7:hover {
  background-color: #027aff38;
}

.emotion-7:hover div {
  color: #ffffff;
}

.emotion-7:hover div svg {
  display: inline-block;
}

.emotion-2 {
  font-family: Roboto Condensed;
  color: #808080;
  padding: 12px;
  padding-left: 16px;
  padding-right: 8px;
  -webkit-flex: 1;
  -ms-flex: 1;
  flex: 1;
}

.emotion-3 {
  -webkit-flex: 4;
  -ms-flex: 4;
  flex: 4;
  font-family: Roboto Mono;
  font-size: 14px;
  line-height: 18px;
  color: #e0e0e0;
  padding: 12px;
  word-break: break-all;
}

.emotion-6 {
  width: 36px;
  padding-top: 12px;
  padding-left: 8px;
  padding-right: 16px;
}

.emotion-5 {
  -webkit-flex: 0;
  -ms-flex: 0;
  flex: 0;
  display: -webkit-box;
  display: -webkit-flex;
  display: -ms-flexbox;
  display: flex;
  -webkit-flex-direction: column;
  -ms-flex-direction: column;
  flex-direction: column;
  -webkit-align-items: center;
  -webkit-box-align: center;
  -ms-flex-align: center;
  align-items: center;
  -webkit-box-pack: center;
  -webkit-justify-content: center;
  -ms-flex-pack: center;
  justify-content: center;
  border-radius: 2px;
  margin: 0;
  padding: 12px 32px;
  white-space: nowrap;
  font-size: 15px;
  line-height: 19px;
  font-weight: 500;
  border: none;
  cursor: pointer;
  color: #ffffff;
  background-color: transparent;
  padding: 0;
}

.emotion-5:hover {
  -webkit-text-decoration: none;
  text-decoration: none;
}

.emotion-5[aria-disabled=true] {
  color: #2e2e2e;
}

.emotion-4 {
  display: none;
}

.emotion-4:hover {
  color: #ffffff;
}

<div
    className="emotion-14"
  >
    <div
      className="emotion-1"
    >
      PROCESSOR
      <div
        className="emotion-0"
        title="zmlp_core.video.VideoImporter"
      >
        zmlp_core.video.VideoImporter
      </div>
    </div>
    <div
      className="emotion-7"
    >
      <div
        className="emotion-2"
      >
        <span
          title="metrics.pipeline.module"
        >
          Module
        </span>
      </div>
      <div
        className="emotion-3"
        title="standard"
      >
        standard
      </div>
      <div
        className="emotion-6"
      >
        <button
          className="emotion-5"
          onClick={[Function]}
          title="Copy to Clipboard"
          type="button"
        >
          <svg
            className="emotion-4"
            color="#808080"
            data-file-name="copy.svg"
            width={20}
          />
        </button>
      </div>
    </div>
    <div
      className="emotion-7"
    >
      <div
        className="emotion-2"
      >
        <span
          title="metrics.pipeline.checksum"
        >
          Checksum
        </span>
      </div>
      <div
        className="emotion-3"
        title={3310423168}
      >
        3310423168
      </div>
      <div
        className="emotion-6"
      >
        <button
          className="emotion-5"
          onClick={[Function]}
          title="Copy to Clipboard"
          type="button"
        >
          <svg
            className="emotion-4"
            color="#808080"
            data-file-name="copy.svg"
            width={20}
          />
        </button>
      </div>
    </div>
  </div>,
  .emotion-26 {
  width: 100%;
}

.emotion-26:not(:first-of-type) {
  border-top: 4px solid #4a4a4a;
}

.emotion-1 {
  font-family: Roboto Condensed;
  padding: 16px;
}

.emotion-0 {
  padding-top: 8px;
  font-family: Roboto Mono;
  font-size: 14px;
  line-height: 18px;
  overflow: hidden;
  text-overflow: ellipsis;
}

.emotion-7 {
  display: -webkit-box;
  display: -webkit-flex;
  display: -ms-flexbox;
  display: flex;
}

.emotion-7:not(:first-of-type) {
  border-top: 1px solid #3b3b3b;
}

.emotion-7:hover {
  background-color: #027aff38;
}

.emotion-7:hover div {
  color: #ffffff;
}

.emotion-7:hover div svg {
  display: inline-block;
}

.emotion-2 {
  font-family: Roboto Condensed;
  color: #808080;
  padding: 12px;
  padding-left: 16px;
  padding-right: 8px;
  -webkit-flex: 1;
  -ms-flex: 1;
  flex: 1;
}

.emotion-3 {
  -webkit-flex: 4;
  -ms-flex: 4;
  flex: 4;
  font-family: Roboto Mono;
  font-size: 14px;
  line-height: 18px;
  color: #e0e0e0;
  padding: 12px;
  word-break: break-all;
}

.emotion-6 {
  width: 36px;
  padding-top: 12px;
  padding-left: 8px;
  padding-right: 16px;
}

.emotion-5 {
  -webkit-flex: 0;
  -ms-flex: 0;
  flex: 0;
  display: -webkit-box;
  display: -webkit-flex;
  display: -ms-flexbox;
  display: flex;
  -webkit-flex-direction: column;
  -ms-flex-direction: column;
  flex-direction: column;
  -webkit-align-items: center;
  -webkit-box-align: center;
  -ms-flex-align: center;
  align-items: center;
  -webkit-box-pack: center;
  -webkit-justify-content: center;
  -ms-flex-pack: center;
  justify-content: center;
  border-radius: 2px;
  margin: 0;
  padding: 12px 32px;
  white-space: nowrap;
  font-size: 15px;
  line-height: 19px;
  font-weight: 500;
  border: none;
  cursor: pointer;
  color: #ffffff;
  background-color: transparent;
  padding: 0;
}

.emotion-5:hover {
  -webkit-text-decoration: none;
  text-decoration: none;
}

.emotion-5[aria-disabled=true] {
  color: #2e2e2e;
}

.emotion-4 {
  display: none;
}

.emotion-4:hover {
  color: #ffffff;
}

<div
    className="emotion-26"
  >
    <div
      className="emotion-1"
    >
      PROCESSOR
      <div
        className="emotion-0"
        title="zmlp_core.core.processors.AssertAttributesProcessor"
      >
        zmlp_core.core.processors.AssertAttributesProcessor
      </div>
    </div>
    <div
      className="emotion-7"
    >
      <div
        className="emotion-2"
      >
        <span
          title="metrics.pipeline.module"
        >
          Module
        </span>
      </div>
      <div
        className="emotion-3"
        title="standard"
      >
        standard
      </div>
      <div
        className="emotion-6"
      >
        <button
          className="emotion-5"
          onClick={[Function]}
          title="Copy to Clipboard"
          type="button"
        >
          <svg
            className="emotion-4"
            color="#808080"
            data-file-name="copy.svg"
            width={20}
          />
        </button>
      </div>
    </div>
    <div
      className="emotion-7"
    >
      <div
        className="emotion-2"
      >
        <span
          title="metrics.pipeline.checksum"
        >
          Checksum
        </span>
      </div>
      <div
        className="emotion-3"
        title={1841569083}
      >
        1841569083
      </div>
      <div
        className="emotion-6"
      >
        <button
          className="emotion-5"
          onClick={[Function]}
          title="Copy to Clipboard"
          type="button"
        >
          <svg
            className="emotion-4"
            color="#808080"
            data-file-name="copy.svg"
            width={20}
          />
        </button>
      </div>
    </div>
    <div
      className="emotion-7"
    >
      <div
        className="emotion-2"
      >
        <span
          title="metrics.pipeline.executionTime"
        >
          Execution Time
        </span>
      </div>
      <div
        className="emotion-3"
        title={0}
      >
        0
      </div>
      <div
        className="emotion-6"
      >
        <button
          className="emotion-5"
          onClick={[Function]}
          title="Copy to Clipboard"
          type="button"
        >
          <svg
            className="emotion-4"
            color="#808080"
            data-file-name="copy.svg"
            width={20}
          />
        </button>
      </div>
    </div>
    <div
      className="emotion-7"
    >
      <div
        className="emotion-2"
      >
        <span
          title="metrics.pipeline.executionDate"
        >
          Execution Date
        </span>
      </div>
      <div
        className="emotion-3"
        title="2020-03-03T21:22:29.654215"
      >
        2020-03-03 9:22 UTC
      </div>
      <div
        className="emotion-6"
      >
        <button
          className="emotion-5"
          onClick={[Function]}
          title="Copy to Clipboard"
          type="button"
        >
          <svg
            className="emotion-4"
            color="#808080"
            data-file-name="copy.svg"
            width={20}
          />
        </button>
      </div>
    </div>
  </div>,
]
`;

exports[`setLegend() when user is using keyboard should show legend on keyPress 1`] = `
Array [
  .emotion-8 {
  padding: 16px;
  padding-bottom: 24px;
}

.emotion-0 {
  padding-bottom: 12px;
}

.emotion-7 {
  display: -webkit-box;
  display: -webkit-flex;
  display: -ms-flexbox;
  display: flex;
  height: 9px;
  position: relative;
}

.emotion-6 {
  display: -webkit-box;
  display: -webkit-flex;
  display: -ms-flexbox;
  display: flex;
  width: 100%;
}

.emotion-1 {
  height: 100%;
  -webkit-flex: 0.11 0 auto;
  -ms-flex: 0.11 0 auto;
  flex: 0.11 0 auto;
  min-width: 8px;
  background-color: #4a90e2;
}

.emotion-1:hover:before {
  content: '';
  display: block;
  position: relative;
  height: 12px;
  top: -1px;
  border: 2px solid #ffffff;
}

.emotion-1:first-of-type {
  border-top-left-radius: 2px;
  border-bottom-left-radius: 2px;
}

.emotion-1:first-of-type:hover:before {
  border-top-left-radius: 2px;
  border-bottom-left-radius: 2px;
}

.emotion-1:last-of-type {
  border-top-right-radius: 2px;
  border-bottom-right-radius: 2px;
}

.emotion-1:last-of-type:hover:before {
  border-top-right-radius: 2px;
  border-bottom-right-radius: 2px;
}

.emotion-2 {
  height: 100%;
  -webkit-flex: 0.26 0 auto;
  -ms-flex: 0.26 0 auto;
  flex: 0.26 0 auto;
  min-width: 8px;
  background-color: #d6680b;
}

.emotion-2:hover:before {
  content: '';
  display: block;
  position: relative;
  height: 12px;
  top: -1px;
  border: 2px solid #ffffff;
}

.emotion-2:first-of-type {
  border-top-left-radius: 2px;
  border-bottom-left-radius: 2px;
}

.emotion-2:first-of-type:hover:before {
  border-top-left-radius: 2px;
  border-bottom-left-radius: 2px;
}

.emotion-2:last-of-type {
  border-top-right-radius: 2px;
  border-bottom-right-radius: 2px;
}

.emotion-2:last-of-type:hover:before {
  border-top-right-radius: 2px;
  border-bottom-right-radius: 2px;
}

.emotion-3 {
  height: 100%;
  -webkit-flex: undefined 0 auto;
  -ms-flex: undefined 0 auto;
  flex: undefined 0 auto;
  min-width: 8px;
  background-color: #4ac565;
}

.emotion-3:hover:before {
  content: '';
  display: block;
  position: relative;
  height: 12px;
  top: -1px;
  border: 2px solid #ffffff;
}

.emotion-3:first-of-type {
  border-top-left-radius: 2px;
  border-bottom-left-radius: 2px;
}

.emotion-3:first-of-type:hover:before {
  border-top-left-radius: 2px;
  border-bottom-left-radius: 2px;
}

.emotion-3:last-of-type {
  border-top-right-radius: 2px;
  border-bottom-right-radius: 2px;
}

.emotion-3:last-of-type:hover:before {
  border-top-right-radius: 2px;
  border-bottom-right-radius: 2px;
}

.emotion-4 {
  height: 100%;
  -webkit-flex: undefined 0 auto;
  -ms-flex: undefined 0 auto;
  flex: undefined 0 auto;
  min-width: 8px;
  background-color: #ebb52e;
}

.emotion-4:hover:before {
  content: '';
  display: block;
  position: relative;
  height: 12px;
  top: -1px;
  border: 2px solid #ffffff;
}

.emotion-4:first-of-type {
  border-top-left-radius: 2px;
  border-bottom-left-radius: 2px;
}

.emotion-4:first-of-type:hover:before {
  border-top-left-radius: 2px;
  border-bottom-left-radius: 2px;
}

.emotion-4:last-of-type {
  border-top-right-radius: 2px;
  border-bottom-right-radius: 2px;
}

.emotion-4:last-of-type:hover:before {
  border-top-right-radius: 2px;
  border-bottom-right-radius: 2px;
}

.emotion-5 {
  height: 100%;
  -webkit-flex: 0 0 auto;
  -ms-flex: 0 0 auto;
  flex: 0 0 auto;
  min-width: 8px;
  background-color: #4a90e2;
}

.emotion-5:hover:before {
  content: '';
  display: block;
  position: relative;
  height: 12px;
  top: -1px;
  border: 2px solid #ffffff;
}

.emotion-5:first-of-type {
  border-top-left-radius: 2px;
  border-bottom-left-radius: 2px;
}

.emotion-5:first-of-type:hover:before {
  border-top-left-radius: 2px;
  border-bottom-left-radius: 2px;
}

.emotion-5:last-of-type {
  border-top-right-radius: 2px;
  border-bottom-right-radius: 2px;
}

.emotion-5:last-of-type:hover:before {
  border-top-right-radius: 2px;
  border-bottom-right-radius: 2px;
}

<div
    className="emotion-8"
  >
    <div
      className="emotion-0"
    >
      Pipelines: 
      5
    </div>
    <div
      className="emotion-7"
    >
      <div
        className="emotion-6"
      >
        <div
          aria-label="zmlp_core.core.processors.PreCacheSourceFileProcessor"
          className="emotion-1"
          onKeyPress={[Function]}
          onMouseEnter={[Function]}
          onMouseLeave={[Function]}
          role="button"
          tabIndex="0"
        />
        <div
          aria-label="zmlp_core.image.importers.ImageImporter"
          className="emotion-2"
          onKeyPress={[Function]}
          onMouseEnter={[Function]}
          onMouseLeave={[Function]}
          role="button"
          tabIndex="0"
        />
        <div
          aria-label="zmlp_core.office.importers.OfficeImporter"
          className="emotion-3"
          onKeyPress={[Function]}
          onMouseEnter={[Function]}
          onMouseLeave={[Function]}
          role="button"
          tabIndex="0"
        />
        <div
          aria-label="zmlp_core.video.VideoImporter"
          className="emotion-4"
          onKeyPress={[Function]}
          onMouseEnter={[Function]}
          onMouseLeave={[Function]}
          role="button"
          tabIndex="0"
        />
        <div
          aria-label="zmlp_core.core.processors.AssertAttributesProcessor"
          className="emotion-5"
          onKeyPress={[Function]}
          onMouseEnter={[Function]}
          onMouseLeave={[Function]}
          role="button"
          tabIndex="0"
        />
      </div>
    </div>
  </div>,
  .emotion-26 {
  width: 100%;
}

.emotion-26:not(:first-of-type) {
  border-top: 4px solid #4a4a4a;
}

.emotion-1 {
  font-family: Roboto Condensed;
  padding: 16px;
}

.emotion-0 {
  padding-top: 8px;
  font-family: Roboto Mono;
  font-size: 14px;
  line-height: 18px;
  overflow: hidden;
  text-overflow: ellipsis;
}

.emotion-7 {
  display: -webkit-box;
  display: -webkit-flex;
  display: -ms-flexbox;
  display: flex;
}

.emotion-7:not(:first-of-type) {
  border-top: 1px solid #3b3b3b;
}

.emotion-7:hover {
  background-color: #027aff38;
}

.emotion-7:hover div {
  color: #ffffff;
}

.emotion-7:hover div svg {
  display: inline-block;
}

.emotion-2 {
  font-family: Roboto Condensed;
  color: #808080;
  padding: 12px;
  padding-left: 16px;
  padding-right: 8px;
  -webkit-flex: 1;
  -ms-flex: 1;
  flex: 1;
}

.emotion-3 {
  -webkit-flex: 4;
  -ms-flex: 4;
  flex: 4;
  font-family: Roboto Mono;
  font-size: 14px;
  line-height: 18px;
  color: #e0e0e0;
  padding: 12px;
  word-break: break-all;
}

.emotion-6 {
  width: 36px;
  padding-top: 12px;
  padding-left: 8px;
  padding-right: 16px;
}

.emotion-5 {
  -webkit-flex: 0;
  -ms-flex: 0;
  flex: 0;
  display: -webkit-box;
  display: -webkit-flex;
  display: -ms-flexbox;
  display: flex;
  -webkit-flex-direction: column;
  -ms-flex-direction: column;
  flex-direction: column;
  -webkit-align-items: center;
  -webkit-box-align: center;
  -ms-flex-align: center;
  align-items: center;
  -webkit-box-pack: center;
  -webkit-justify-content: center;
  -ms-flex-pack: center;
  justify-content: center;
  border-radius: 2px;
  margin: 0;
  padding: 12px 32px;
  white-space: nowrap;
  font-size: 15px;
  line-height: 19px;
  font-weight: 500;
  border: none;
  cursor: pointer;
  color: #ffffff;
  background-color: transparent;
  padding: 0;
}

.emotion-5:hover {
  -webkit-text-decoration: none;
  text-decoration: none;
}

.emotion-5[aria-disabled=true] {
  color: #2e2e2e;
}

.emotion-4 {
  display: none;
}

.emotion-4:hover {
  color: #ffffff;
}

<div
    className="emotion-26"
  >
    <div
      className="emotion-1"
    >
      PROCESSOR
      <div
        className="emotion-0"
        title="zmlp_core.core.processors.PreCacheSourceFileProcessor"
      >
        zmlp_core.core.processors.PreCacheSourceFileProcessor
      </div>
    </div>
    <div
      className="emotion-7"
    >
      <div
        className="emotion-2"
      >
        <span
          title="metrics.pipeline.module"
        >
          Module
        </span>
      </div>
      <div
        className="emotion-3"
        title="standard"
      >
        standard
      </div>
      <div
        className="emotion-6"
      >
        <button
          className="emotion-5"
          onClick={[Function]}
          title="Copy to Clipboard"
          type="button"
        >
          <svg
            className="emotion-4"
            color="#808080"
            data-file-name="copy.svg"
            width={20}
          />
        </button>
      </div>
    </div>
    <div
      className="emotion-7"
    >
      <div
        className="emotion-2"
      >
        <span
          title="metrics.pipeline.checksum"
        >
          Checksum
        </span>
      </div>
      <div
        className="emotion-3"
        title={1621235190}
      >
        1621235190
      </div>
      <div
        className="emotion-6"
      >
        <button
          className="emotion-5"
          onClick={[Function]}
          title="Copy to Clipboard"
          type="button"
        >
          <svg
            className="emotion-4"
            color="#808080"
            data-file-name="copy.svg"
            width={20}
          />
        </button>
      </div>
    </div>
    <div
      className="emotion-7"
    >
      <div
        className="emotion-2"
      >
        <span
          title="metrics.pipeline.executionTime"
        >
          Execution Time
        </span>
      </div>
      <div
        className="emotion-3"
        title={0.11}
      >
        0.11
      </div>
      <div
        className="emotion-6"
      >
        <button
          className="emotion-5"
          onClick={[Function]}
          title="Copy to Clipboard"
          type="button"
        >
          <svg
            className="emotion-4"
            color="#808080"
            data-file-name="copy.svg"
            width={20}
          />
        </button>
      </div>
    </div>
    <div
      className="emotion-7"
    >
      <div
        className="emotion-2"
      >
        <span
          title="metrics.pipeline.executionDate"
        >
          Execution Date
        </span>
      </div>
      <div
        className="emotion-3"
        title="2020-03-03T21:22:27.694149"
      >
        2020-03-03 9:22 UTC
      </div>
      <div
        className="emotion-6"
      >
        <button
          className="emotion-5"
          onClick={[Function]}
          title="Copy to Clipboard"
          type="button"
        >
          <svg
            className="emotion-4"
            color="#808080"
            data-file-name="copy.svg"
            width={20}
          />
        </button>
      </div>
    </div>
  </div>,
  .emotion-26 {
  width: 100%;
}

.emotion-26:not(:first-of-type) {
  border-top: 4px solid #4a4a4a;
}

.emotion-1 {
  font-family: Roboto Condensed;
  padding: 16px;
}

.emotion-0 {
  padding-top: 8px;
  font-family: Roboto Mono;
  font-size: 14px;
  line-height: 18px;
  overflow: hidden;
  text-overflow: ellipsis;
}

.emotion-7 {
  display: -webkit-box;
  display: -webkit-flex;
  display: -ms-flexbox;
  display: flex;
}

.emotion-7:not(:first-of-type) {
  border-top: 1px solid #3b3b3b;
}

.emotion-7:hover {
  background-color: #027aff38;
}

.emotion-7:hover div {
  color: #ffffff;
}

.emotion-7:hover div svg {
  display: inline-block;
}

.emotion-2 {
  font-family: Roboto Condensed;
  color: #808080;
  padding: 12px;
  padding-left: 16px;
  padding-right: 8px;
  -webkit-flex: 1;
  -ms-flex: 1;
  flex: 1;
}

.emotion-3 {
  -webkit-flex: 4;
  -ms-flex: 4;
  flex: 4;
  font-family: Roboto Mono;
  font-size: 14px;
  line-height: 18px;
  color: #e0e0e0;
  padding: 12px;
  word-break: break-all;
}

.emotion-6 {
  width: 36px;
  padding-top: 12px;
  padding-left: 8px;
  padding-right: 16px;
}

.emotion-5 {
  -webkit-flex: 0;
  -ms-flex: 0;
  flex: 0;
  display: -webkit-box;
  display: -webkit-flex;
  display: -ms-flexbox;
  display: flex;
  -webkit-flex-direction: column;
  -ms-flex-direction: column;
  flex-direction: column;
  -webkit-align-items: center;
  -webkit-box-align: center;
  -ms-flex-align: center;
  align-items: center;
  -webkit-box-pack: center;
  -webkit-justify-content: center;
  -ms-flex-pack: center;
  justify-content: center;
  border-radius: 2px;
  margin: 0;
  padding: 12px 32px;
  white-space: nowrap;
  font-size: 15px;
  line-height: 19px;
  font-weight: 500;
  border: none;
  cursor: pointer;
  color: #ffffff;
  background-color: transparent;
  padding: 0;
}

.emotion-5:hover {
  -webkit-text-decoration: none;
  text-decoration: none;
}

.emotion-5[aria-disabled=true] {
  color: #2e2e2e;
}

.emotion-4 {
  display: none;
}

.emotion-4:hover {
  color: #ffffff;
}

<div
    className="emotion-26"
  >
    <div
      className="emotion-1"
    >
      PROCESSOR
      <div
        className="emotion-0"
        title="zmlp_core.image.importers.ImageImporter"
      >
        zmlp_core.image.importers.ImageImporter
      </div>
    </div>
    <div
      className="emotion-7"
    >
      <div
        className="emotion-2"
      >
        <span
          title="metrics.pipeline.module"
        >
          Module
        </span>
      </div>
      <div
        className="emotion-3"
        title="standard"
      >
        standard
      </div>
      <div
        className="emotion-6"
      >
        <button
          className="emotion-5"
          onClick={[Function]}
          title="Copy to Clipboard"
          type="button"
        >
          <svg
            className="emotion-4"
            color="#808080"
            data-file-name="copy.svg"
            width={20}
          />
        </button>
      </div>
    </div>
    <div
      className="emotion-7"
    >
      <div
        className="emotion-2"
      >
        <span
          title="metrics.pipeline.checksum"
        >
          Checksum
        </span>
      </div>
      <div
        className="emotion-3"
        title={1426657387}
      >
        1426657387
      </div>
      <div
        className="emotion-6"
      >
        <button
          className="emotion-5"
          onClick={[Function]}
          title="Copy to Clipboard"
          type="button"
        >
          <svg
            className="emotion-4"
            color="#808080"
            data-file-name="copy.svg"
            width={20}
          />
        </button>
      </div>
    </div>
    <div
      className="emotion-7"
    >
      <div
        className="emotion-2"
      >
        <span
          title="metrics.pipeline.executionTime"
        >
          Execution Time
        </span>
      </div>
      <div
        className="emotion-3"
        title={0.26}
      >
        0.26
      </div>
      <div
        className="emotion-6"
      >
        <button
          className="emotion-5"
          onClick={[Function]}
          title="Copy to Clipboard"
          type="button"
        >
          <svg
            className="emotion-4"
            color="#808080"
            data-file-name="copy.svg"
            width={20}
          />
        </button>
      </div>
    </div>
    <div
      className="emotion-7"
    >
      <div
        className="emotion-2"
      >
        <span
          title="metrics.pipeline.executionDate"
        >
          Execution Date
        </span>
      </div>
      <div
        className="emotion-3"
        title="2020-03-03T21:22:28.215069"
      >
        2020-03-03 9:22 UTC
      </div>
      <div
        className="emotion-6"
      >
        <button
          className="emotion-5"
          onClick={[Function]}
          title="Copy to Clipboard"
          type="button"
        >
          <svg
            className="emotion-4"
            color="#808080"
            data-file-name="copy.svg"
            width={20}
          />
        </button>
      </div>
    </div>
  </div>,
  .emotion-14 {
  width: 100%;
}

.emotion-14:not(:first-of-type) {
  border-top: 4px solid #4a4a4a;
}

.emotion-1 {
  font-family: Roboto Condensed;
  padding: 16px;
}

.emotion-0 {
  padding-top: 8px;
  font-family: Roboto Mono;
  font-size: 14px;
  line-height: 18px;
  overflow: hidden;
  text-overflow: ellipsis;
}

.emotion-7 {
  display: -webkit-box;
  display: -webkit-flex;
  display: -ms-flexbox;
  display: flex;
}

.emotion-7:not(:first-of-type) {
  border-top: 1px solid #3b3b3b;
}

.emotion-7:hover {
  background-color: #027aff38;
}

.emotion-7:hover div {
  color: #ffffff;
}

.emotion-7:hover div svg {
  display: inline-block;
}

.emotion-2 {
  font-family: Roboto Condensed;
  color: #808080;
  padding: 12px;
  padding-left: 16px;
  padding-right: 8px;
  -webkit-flex: 1;
  -ms-flex: 1;
  flex: 1;
}

.emotion-3 {
  -webkit-flex: 4;
  -ms-flex: 4;
  flex: 4;
  font-family: Roboto Mono;
  font-size: 14px;
  line-height: 18px;
  color: #e0e0e0;
  padding: 12px;
  word-break: break-all;
}

.emotion-6 {
  width: 36px;
  padding-top: 12px;
  padding-left: 8px;
  padding-right: 16px;
}

.emotion-5 {
  -webkit-flex: 0;
  -ms-flex: 0;
  flex: 0;
  display: -webkit-box;
  display: -webkit-flex;
  display: -ms-flexbox;
  display: flex;
  -webkit-flex-direction: column;
  -ms-flex-direction: column;
  flex-direction: column;
  -webkit-align-items: center;
  -webkit-box-align: center;
  -ms-flex-align: center;
  align-items: center;
  -webkit-box-pack: center;
  -webkit-justify-content: center;
  -ms-flex-pack: center;
  justify-content: center;
  border-radius: 2px;
  margin: 0;
  padding: 12px 32px;
  white-space: nowrap;
  font-size: 15px;
  line-height: 19px;
  font-weight: 500;
  border: none;
  cursor: pointer;
  color: #ffffff;
  background-color: transparent;
  padding: 0;
}

.emotion-5:hover {
  -webkit-text-decoration: none;
  text-decoration: none;
}

.emotion-5[aria-disabled=true] {
  color: #2e2e2e;
}

.emotion-4 {
  display: none;
}

.emotion-4:hover {
  color: #ffffff;
}

<div
    className="emotion-14"
  >
    <div
      className="emotion-1"
    >
      PROCESSOR
      <div
        className="emotion-0"
        title="zmlp_core.office.importers.OfficeImporter"
      >
        zmlp_core.office.importers.OfficeImporter
      </div>
    </div>
    <div
      className="emotion-7"
    >
      <div
        className="emotion-2"
      >
        <span
          title="metrics.pipeline.module"
        >
          Module
        </span>
      </div>
      <div
        className="emotion-3"
        title="standard"
      >
        standard
      </div>
      <div
        className="emotion-6"
      >
        <button
          className="emotion-5"
          onClick={[Function]}
          title="Copy to Clipboard"
          type="button"
        >
          <svg
            className="emotion-4"
            color="#808080"
            data-file-name="copy.svg"
            width={20}
          />
        </button>
      </div>
    </div>
    <div
      className="emotion-7"
    >
      <div
        className="emotion-2"
      >
        <span
          title="metrics.pipeline.checksum"
        >
          Checksum
        </span>
      </div>
      <div
        className="emotion-3"
        title={2001473853}
      >
        2001473853
      </div>
      <div
        className="emotion-6"
      >
        <button
          className="emotion-5"
          onClick={[Function]}
          title="Copy to Clipboard"
          type="button"
        >
          <svg
            className="emotion-4"
            color="#808080"
            data-file-name="copy.svg"
            width={20}
          />
        </button>
      </div>
    </div>
  </div>,
  .emotion-14 {
  width: 100%;
}

.emotion-14:not(:first-of-type) {
  border-top: 4px solid #4a4a4a;
}

.emotion-1 {
  font-family: Roboto Condensed;
  padding: 16px;
}

.emotion-0 {
  padding-top: 8px;
  font-family: Roboto Mono;
  font-size: 14px;
  line-height: 18px;
  overflow: hidden;
  text-overflow: ellipsis;
}

.emotion-7 {
  display: -webkit-box;
  display: -webkit-flex;
  display: -ms-flexbox;
  display: flex;
}

.emotion-7:not(:first-of-type) {
  border-top: 1px solid #3b3b3b;
}

.emotion-7:hover {
  background-color: #027aff38;
}

.emotion-7:hover div {
  color: #ffffff;
}

.emotion-7:hover div svg {
  display: inline-block;
}

.emotion-2 {
  font-family: Roboto Condensed;
  color: #808080;
  padding: 12px;
  padding-left: 16px;
  padding-right: 8px;
  -webkit-flex: 1;
  -ms-flex: 1;
  flex: 1;
}

.emotion-3 {
  -webkit-flex: 4;
  -ms-flex: 4;
  flex: 4;
  font-family: Roboto Mono;
  font-size: 14px;
  line-height: 18px;
  color: #e0e0e0;
  padding: 12px;
  word-break: break-all;
}

.emotion-6 {
  width: 36px;
  padding-top: 12px;
  padding-left: 8px;
  padding-right: 16px;
}

.emotion-5 {
  -webkit-flex: 0;
  -ms-flex: 0;
  flex: 0;
  display: -webkit-box;
  display: -webkit-flex;
  display: -ms-flexbox;
  display: flex;
  -webkit-flex-direction: column;
  -ms-flex-direction: column;
  flex-direction: column;
  -webkit-align-items: center;
  -webkit-box-align: center;
  -ms-flex-align: center;
  align-items: center;
  -webkit-box-pack: center;
  -webkit-justify-content: center;
  -ms-flex-pack: center;
  justify-content: center;
  border-radius: 2px;
  margin: 0;
  padding: 12px 32px;
  white-space: nowrap;
  font-size: 15px;
  line-height: 19px;
  font-weight: 500;
  border: none;
  cursor: pointer;
  color: #ffffff;
  background-color: transparent;
  padding: 0;
}

.emotion-5:hover {
  -webkit-text-decoration: none;
  text-decoration: none;
}

.emotion-5[aria-disabled=true] {
  color: #2e2e2e;
}

.emotion-4 {
  display: none;
}

.emotion-4:hover {
  color: #ffffff;
}

<div
    className="emotion-14"
  >
    <div
      className="emotion-1"
    >
      PROCESSOR
      <div
        className="emotion-0"
        title="zmlp_core.video.VideoImporter"
      >
        zmlp_core.video.VideoImporter
      </div>
    </div>
    <div
      className="emotion-7"
    >
      <div
        className="emotion-2"
      >
        <span
          title="metrics.pipeline.module"
        >
          Module
        </span>
      </div>
      <div
        className="emotion-3"
        title="standard"
      >
        standard
      </div>
      <div
        className="emotion-6"
      >
        <button
          className="emotion-5"
          onClick={[Function]}
          title="Copy to Clipboard"
          type="button"
        >
          <svg
            className="emotion-4"
            color="#808080"
            data-file-name="copy.svg"
            width={20}
          />
        </button>
      </div>
    </div>
    <div
      className="emotion-7"
    >
      <div
        className="emotion-2"
      >
        <span
          title="metrics.pipeline.checksum"
        >
          Checksum
        </span>
      </div>
      <div
        className="emotion-3"
        title={3310423168}
      >
        3310423168
      </div>
      <div
        className="emotion-6"
      >
        <button
          className="emotion-5"
          onClick={[Function]}
          title="Copy to Clipboard"
          type="button"
        >
          <svg
            className="emotion-4"
            color="#808080"
            data-file-name="copy.svg"
            width={20}
          />
        </button>
      </div>
    </div>
  </div>,
  .emotion-26 {
  width: 100%;
}

.emotion-26:not(:first-of-type) {
  border-top: 4px solid #4a4a4a;
}

.emotion-1 {
  font-family: Roboto Condensed;
  padding: 16px;
}

.emotion-0 {
  padding-top: 8px;
  font-family: Roboto Mono;
  font-size: 14px;
  line-height: 18px;
  overflow: hidden;
  text-overflow: ellipsis;
}

.emotion-7 {
  display: -webkit-box;
  display: -webkit-flex;
  display: -ms-flexbox;
  display: flex;
}

.emotion-7:not(:first-of-type) {
  border-top: 1px solid #3b3b3b;
}

.emotion-7:hover {
  background-color: #027aff38;
}

.emotion-7:hover div {
  color: #ffffff;
}

.emotion-7:hover div svg {
  display: inline-block;
}

.emotion-2 {
  font-family: Roboto Condensed;
  color: #808080;
  padding: 12px;
  padding-left: 16px;
  padding-right: 8px;
  -webkit-flex: 1;
  -ms-flex: 1;
  flex: 1;
}

.emotion-3 {
  -webkit-flex: 4;
  -ms-flex: 4;
  flex: 4;
  font-family: Roboto Mono;
  font-size: 14px;
  line-height: 18px;
  color: #e0e0e0;
  padding: 12px;
  word-break: break-all;
}

.emotion-6 {
  width: 36px;
  padding-top: 12px;
  padding-left: 8px;
  padding-right: 16px;
}

.emotion-5 {
  -webkit-flex: 0;
  -ms-flex: 0;
  flex: 0;
  display: -webkit-box;
  display: -webkit-flex;
  display: -ms-flexbox;
  display: flex;
  -webkit-flex-direction: column;
  -ms-flex-direction: column;
  flex-direction: column;
  -webkit-align-items: center;
  -webkit-box-align: center;
  -ms-flex-align: center;
  align-items: center;
  -webkit-box-pack: center;
  -webkit-justify-content: center;
  -ms-flex-pack: center;
  justify-content: center;
  border-radius: 2px;
  margin: 0;
  padding: 12px 32px;
  white-space: nowrap;
  font-size: 15px;
  line-height: 19px;
  font-weight: 500;
  border: none;
  cursor: pointer;
  color: #ffffff;
  background-color: transparent;
  padding: 0;
}

.emotion-5:hover {
  -webkit-text-decoration: none;
  text-decoration: none;
}

.emotion-5[aria-disabled=true] {
  color: #2e2e2e;
}

.emotion-4 {
  display: none;
}

.emotion-4:hover {
  color: #ffffff;
}

<div
    className="emotion-26"
  >
    <div
      className="emotion-1"
    >
      PROCESSOR
      <div
        className="emotion-0"
        title="zmlp_core.core.processors.AssertAttributesProcessor"
      >
        zmlp_core.core.processors.AssertAttributesProcessor
      </div>
    </div>
    <div
      className="emotion-7"
    >
      <div
        className="emotion-2"
      >
        <span
          title="metrics.pipeline.module"
        >
          Module
        </span>
      </div>
      <div
        className="emotion-3"
        title="standard"
      >
        standard
      </div>
      <div
        className="emotion-6"
      >
        <button
          className="emotion-5"
          onClick={[Function]}
          title="Copy to Clipboard"
          type="button"
        >
          <svg
            className="emotion-4"
            color="#808080"
            data-file-name="copy.svg"
            width={20}
          />
        </button>
      </div>
    </div>
    <div
      className="emotion-7"
    >
      <div
        className="emotion-2"
      >
        <span
          title="metrics.pipeline.checksum"
        >
          Checksum
        </span>
      </div>
      <div
        className="emotion-3"
        title={1841569083}
      >
        1841569083
      </div>
      <div
        className="emotion-6"
      >
        <button
          className="emotion-5"
          onClick={[Function]}
          title="Copy to Clipboard"
          type="button"
        >
          <svg
            className="emotion-4"
            color="#808080"
            data-file-name="copy.svg"
            width={20}
          />
        </button>
      </div>
    </div>
    <div
      className="emotion-7"
    >
      <div
        className="emotion-2"
      >
        <span
          title="metrics.pipeline.executionTime"
        >
          Execution Time
        </span>
      </div>
      <div
        className="emotion-3"
        title={0}
      >
        0
      </div>
      <div
        className="emotion-6"
      >
        <button
          className="emotion-5"
          onClick={[Function]}
          title="Copy to Clipboard"
          type="button"
        >
          <svg
            className="emotion-4"
            color="#808080"
            data-file-name="copy.svg"
            width={20}
          />
        </button>
      </div>
    </div>
    <div
      className="emotion-7"
    >
      <div
        className="emotion-2"
      >
        <span
          title="metrics.pipeline.executionDate"
        >
          Execution Date
        </span>
      </div>
      <div
        className="emotion-3"
        title="2020-03-03T21:22:29.654215"
      >
        2020-03-03 9:22 UTC
      </div>
      <div
        className="emotion-6"
      >
        <button
          className="emotion-5"
          onClick={[Function]}
          title="Copy to Clipboard"
          type="button"
        >
          <svg
            className="emotion-4"
            color="#808080"
            data-file-name="copy.svg"
            width={20}
          />
        </button>
      </div>
    </div>
  </div>,
]
`;

exports[`setLegend() when user is using mouse should show legend on mouseenter 1`] = `
Array [
  .emotion-8 {
  padding: 16px;
  padding-bottom: 24px;
}

.emotion-0 {
  padding-bottom: 12px;
}

.emotion-7 {
  display: -webkit-box;
  display: -webkit-flex;
  display: -ms-flexbox;
  display: flex;
  height: 9px;
  position: relative;
}

.emotion-6 {
  display: -webkit-box;
  display: -webkit-flex;
  display: -ms-flexbox;
  display: flex;
  width: 100%;
}

.emotion-1 {
  height: 100%;
  -webkit-flex: 0.11 0 auto;
  -ms-flex: 0.11 0 auto;
  flex: 0.11 0 auto;
  min-width: 8px;
  background-color: #4a90e2;
}

.emotion-1:hover:before {
  content: '';
  display: block;
  position: relative;
  height: 12px;
  top: -1px;
  border: 2px solid #ffffff;
}

.emotion-1:first-of-type {
  border-top-left-radius: 2px;
  border-bottom-left-radius: 2px;
}

.emotion-1:first-of-type:hover:before {
  border-top-left-radius: 2px;
  border-bottom-left-radius: 2px;
}

.emotion-1:last-of-type {
  border-top-right-radius: 2px;
  border-bottom-right-radius: 2px;
}

.emotion-1:last-of-type:hover:before {
  border-top-right-radius: 2px;
  border-bottom-right-radius: 2px;
}

.emotion-2 {
  height: 100%;
  -webkit-flex: 0.26 0 auto;
  -ms-flex: 0.26 0 auto;
  flex: 0.26 0 auto;
  min-width: 8px;
  background-color: #d6680b;
}

.emotion-2:hover:before {
  content: '';
  display: block;
  position: relative;
  height: 12px;
  top: -1px;
  border: 2px solid #ffffff;
}

.emotion-2:first-of-type {
  border-top-left-radius: 2px;
  border-bottom-left-radius: 2px;
}

.emotion-2:first-of-type:hover:before {
  border-top-left-radius: 2px;
  border-bottom-left-radius: 2px;
}

.emotion-2:last-of-type {
  border-top-right-radius: 2px;
  border-bottom-right-radius: 2px;
}

.emotion-2:last-of-type:hover:before {
  border-top-right-radius: 2px;
  border-bottom-right-radius: 2px;
}

.emotion-3 {
  height: 100%;
  -webkit-flex: undefined 0 auto;
  -ms-flex: undefined 0 auto;
  flex: undefined 0 auto;
  min-width: 8px;
  background-color: #4ac565;
}

.emotion-3:hover:before {
  content: '';
  display: block;
  position: relative;
  height: 12px;
  top: -1px;
  border: 2px solid #ffffff;
}

.emotion-3:first-of-type {
  border-top-left-radius: 2px;
  border-bottom-left-radius: 2px;
}

.emotion-3:first-of-type:hover:before {
  border-top-left-radius: 2px;
  border-bottom-left-radius: 2px;
}

.emotion-3:last-of-type {
  border-top-right-radius: 2px;
  border-bottom-right-radius: 2px;
}

.emotion-3:last-of-type:hover:before {
  border-top-right-radius: 2px;
  border-bottom-right-radius: 2px;
}

.emotion-4 {
  height: 100%;
  -webkit-flex: undefined 0 auto;
  -ms-flex: undefined 0 auto;
  flex: undefined 0 auto;
  min-width: 8px;
  background-color: #ebb52e;
}

.emotion-4:hover:before {
  content: '';
  display: block;
  position: relative;
  height: 12px;
  top: -1px;
  border: 2px solid #ffffff;
}

.emotion-4:first-of-type {
  border-top-left-radius: 2px;
  border-bottom-left-radius: 2px;
}

.emotion-4:first-of-type:hover:before {
  border-top-left-radius: 2px;
  border-bottom-left-radius: 2px;
}

.emotion-4:last-of-type {
  border-top-right-radius: 2px;
  border-bottom-right-radius: 2px;
}

.emotion-4:last-of-type:hover:before {
  border-top-right-radius: 2px;
  border-bottom-right-radius: 2px;
}

.emotion-5 {
  height: 100%;
  -webkit-flex: 0 0 auto;
  -ms-flex: 0 0 auto;
  flex: 0 0 auto;
  min-width: 8px;
  background-color: #4a90e2;
}

.emotion-5:hover:before {
  content: '';
  display: block;
  position: relative;
  height: 12px;
  top: -1px;
  border: 2px solid #ffffff;
}

.emotion-5:first-of-type {
  border-top-left-radius: 2px;
  border-bottom-left-radius: 2px;
}

.emotion-5:first-of-type:hover:before {
  border-top-left-radius: 2px;
  border-bottom-left-radius: 2px;
}

.emotion-5:last-of-type {
  border-top-right-radius: 2px;
  border-bottom-right-radius: 2px;
}

.emotion-5:last-of-type:hover:before {
  border-top-right-radius: 2px;
  border-bottom-right-radius: 2px;
}

<div
    className="emotion-8"
  >
    <div
      className="emotion-0"
    >
      Pipelines: 
      5
    </div>
    <div
      className="emotion-7"
    >
      <div
        className="emotion-6"
      >
        <div
          aria-label="zmlp_core.core.processors.PreCacheSourceFileProcessor"
          className="emotion-1"
          onKeyPress={[Function]}
          onMouseEnter={[Function]}
          onMouseLeave={[Function]}
          role="button"
          tabIndex="0"
        />
        <div
          aria-label="zmlp_core.image.importers.ImageImporter"
          className="emotion-2"
          onKeyPress={[Function]}
          onMouseEnter={[Function]}
          onMouseLeave={[Function]}
          role="button"
          tabIndex="0"
        />
        <div
          aria-label="zmlp_core.office.importers.OfficeImporter"
          className="emotion-3"
          onKeyPress={[Function]}
          onMouseEnter={[Function]}
          onMouseLeave={[Function]}
          role="button"
          tabIndex="0"
        />
        <div
          aria-label="zmlp_core.video.VideoImporter"
          className="emotion-4"
          onKeyPress={[Function]}
          onMouseEnter={[Function]}
          onMouseLeave={[Function]}
          role="button"
          tabIndex="0"
        />
        <div
          aria-label="zmlp_core.core.processors.AssertAttributesProcessor"
          className="emotion-5"
          onKeyPress={[Function]}
          onMouseEnter={[Function]}
          onMouseLeave={[Function]}
          role="button"
          tabIndex="0"
        />
      </div>
    </div>
  </div>,
  .emotion-26 {
  width: 100%;
}

.emotion-26:not(:first-of-type) {
  border-top: 4px solid #4a4a4a;
}

.emotion-1 {
  font-family: Roboto Condensed;
  padding: 16px;
}

.emotion-0 {
  padding-top: 8px;
  font-family: Roboto Mono;
  font-size: 14px;
  line-height: 18px;
  overflow: hidden;
  text-overflow: ellipsis;
}

.emotion-7 {
  display: -webkit-box;
  display: -webkit-flex;
  display: -ms-flexbox;
  display: flex;
}

.emotion-7:not(:first-of-type) {
  border-top: 1px solid #3b3b3b;
}

.emotion-7:hover {
  background-color: #027aff38;
}

.emotion-7:hover div {
  color: #ffffff;
}

.emotion-7:hover div svg {
  display: inline-block;
}

.emotion-2 {
  font-family: Roboto Condensed;
  color: #808080;
  padding: 12px;
  padding-left: 16px;
  padding-right: 8px;
  -webkit-flex: 1;
  -ms-flex: 1;
  flex: 1;
}

.emotion-3 {
  -webkit-flex: 4;
  -ms-flex: 4;
  flex: 4;
  font-family: Roboto Mono;
  font-size: 14px;
  line-height: 18px;
  color: #e0e0e0;
  padding: 12px;
  word-break: break-all;
}

.emotion-6 {
  width: 36px;
  padding-top: 12px;
  padding-left: 8px;
  padding-right: 16px;
}

.emotion-5 {
  -webkit-flex: 0;
  -ms-flex: 0;
  flex: 0;
  display: -webkit-box;
  display: -webkit-flex;
  display: -ms-flexbox;
  display: flex;
  -webkit-flex-direction: column;
  -ms-flex-direction: column;
  flex-direction: column;
  -webkit-align-items: center;
  -webkit-box-align: center;
  -ms-flex-align: center;
  align-items: center;
  -webkit-box-pack: center;
  -webkit-justify-content: center;
  -ms-flex-pack: center;
  justify-content: center;
  border-radius: 2px;
  margin: 0;
  padding: 12px 32px;
  white-space: nowrap;
  font-size: 15px;
  line-height: 19px;
  font-weight: 500;
  border: none;
  cursor: pointer;
  color: #ffffff;
  background-color: transparent;
  padding: 0;
}

.emotion-5:hover {
  -webkit-text-decoration: none;
  text-decoration: none;
}

.emotion-5[aria-disabled=true] {
  color: #2e2e2e;
}

.emotion-4 {
  display: none;
}

.emotion-4:hover {
  color: #ffffff;
}

<div
    className="emotion-26"
  >
    <div
      className="emotion-1"
    >
      PROCESSOR
      <div
        className="emotion-0"
        title="zmlp_core.core.processors.PreCacheSourceFileProcessor"
      >
        zmlp_core.core.processors.PreCacheSourceFileProcessor
      </div>
    </div>
    <div
      className="emotion-7"
    >
      <div
        className="emotion-2"
      >
        <span
          title="metrics.pipeline.module"
        >
          Module
        </span>
      </div>
      <div
        className="emotion-3"
        title="standard"
      >
        standard
      </div>
      <div
        className="emotion-6"
      >
        <button
          className="emotion-5"
          onClick={[Function]}
          title="Copy to Clipboard"
          type="button"
        >
          <svg
            className="emotion-4"
            color="#808080"
            data-file-name="copy.svg"
            width={20}
          />
        </button>
      </div>
    </div>
    <div
      className="emotion-7"
    >
      <div
        className="emotion-2"
      >
        <span
          title="metrics.pipeline.checksum"
        >
          Checksum
        </span>
      </div>
      <div
        className="emotion-3"
        title={1621235190}
      >
        1621235190
      </div>
      <div
        className="emotion-6"
      >
        <button
          className="emotion-5"
          onClick={[Function]}
          title="Copy to Clipboard"
          type="button"
        >
          <svg
            className="emotion-4"
            color="#808080"
            data-file-name="copy.svg"
            width={20}
          />
        </button>
      </div>
    </div>
    <div
      className="emotion-7"
    >
      <div
        className="emotion-2"
      >
        <span
          title="metrics.pipeline.executionTime"
        >
          Execution Time
        </span>
      </div>
      <div
        className="emotion-3"
        title={0.11}
      >
        0.11
      </div>
      <div
        className="emotion-6"
      >
        <button
          className="emotion-5"
          onClick={[Function]}
          title="Copy to Clipboard"
          type="button"
        >
          <svg
            className="emotion-4"
            color="#808080"
            data-file-name="copy.svg"
            width={20}
          />
        </button>
      </div>
    </div>
    <div
      className="emotion-7"
    >
      <div
        className="emotion-2"
      >
        <span
          title="metrics.pipeline.executionDate"
        >
          Execution Date
        </span>
      </div>
      <div
        className="emotion-3"
        title="2020-03-03T21:22:27.694149"
      >
        2020-03-03 9:22 UTC
      </div>
      <div
        className="emotion-6"
      >
        <button
          className="emotion-5"
          onClick={[Function]}
          title="Copy to Clipboard"
          type="button"
        >
          <svg
            className="emotion-4"
            color="#808080"
            data-file-name="copy.svg"
            width={20}
          />
        </button>
      </div>
    </div>
  </div>,
  .emotion-26 {
  width: 100%;
}

.emotion-26:not(:first-of-type) {
  border-top: 4px solid #4a4a4a;
}

.emotion-1 {
  font-family: Roboto Condensed;
  padding: 16px;
}

.emotion-0 {
  padding-top: 8px;
  font-family: Roboto Mono;
  font-size: 14px;
  line-height: 18px;
  overflow: hidden;
  text-overflow: ellipsis;
}

.emotion-7 {
  display: -webkit-box;
  display: -webkit-flex;
  display: -ms-flexbox;
  display: flex;
}

.emotion-7:not(:first-of-type) {
  border-top: 1px solid #3b3b3b;
}

.emotion-7:hover {
  background-color: #027aff38;
}

.emotion-7:hover div {
  color: #ffffff;
}

.emotion-7:hover div svg {
  display: inline-block;
}

.emotion-2 {
  font-family: Roboto Condensed;
  color: #808080;
  padding: 12px;
  padding-left: 16px;
  padding-right: 8px;
  -webkit-flex: 1;
  -ms-flex: 1;
  flex: 1;
}

.emotion-3 {
  -webkit-flex: 4;
  -ms-flex: 4;
  flex: 4;
  font-family: Roboto Mono;
  font-size: 14px;
  line-height: 18px;
  color: #e0e0e0;
  padding: 12px;
  word-break: break-all;
}

.emotion-6 {
  width: 36px;
  padding-top: 12px;
  padding-left: 8px;
  padding-right: 16px;
}

.emotion-5 {
  -webkit-flex: 0;
  -ms-flex: 0;
  flex: 0;
  display: -webkit-box;
  display: -webkit-flex;
  display: -ms-flexbox;
  display: flex;
  -webkit-flex-direction: column;
  -ms-flex-direction: column;
  flex-direction: column;
  -webkit-align-items: center;
  -webkit-box-align: center;
  -ms-flex-align: center;
  align-items: center;
  -webkit-box-pack: center;
  -webkit-justify-content: center;
  -ms-flex-pack: center;
  justify-content: center;
  border-radius: 2px;
  margin: 0;
  padding: 12px 32px;
  white-space: nowrap;
  font-size: 15px;
  line-height: 19px;
  font-weight: 500;
  border: none;
  cursor: pointer;
  color: #ffffff;
  background-color: transparent;
  padding: 0;
}

.emotion-5:hover {
  -webkit-text-decoration: none;
  text-decoration: none;
}

.emotion-5[aria-disabled=true] {
  color: #2e2e2e;
}

.emotion-4 {
  display: none;
}

.emotion-4:hover {
  color: #ffffff;
}

<div
    className="emotion-26"
  >
    <div
      className="emotion-1"
    >
      PROCESSOR
      <div
        className="emotion-0"
        title="zmlp_core.image.importers.ImageImporter"
      >
        zmlp_core.image.importers.ImageImporter
      </div>
    </div>
    <div
      className="emotion-7"
    >
      <div
        className="emotion-2"
      >
        <span
          title="metrics.pipeline.module"
        >
          Module
        </span>
      </div>
      <div
        className="emotion-3"
        title="standard"
      >
        standard
      </div>
      <div
        className="emotion-6"
      >
        <button
          className="emotion-5"
          onClick={[Function]}
          title="Copy to Clipboard"
          type="button"
        >
          <svg
            className="emotion-4"
            color="#808080"
            data-file-name="copy.svg"
            width={20}
          />
        </button>
      </div>
    </div>
    <div
      className="emotion-7"
    >
      <div
        className="emotion-2"
      >
        <span
          title="metrics.pipeline.checksum"
        >
          Checksum
        </span>
      </div>
      <div
        className="emotion-3"
        title={1426657387}
      >
        1426657387
      </div>
      <div
        className="emotion-6"
      >
        <button
          className="emotion-5"
          onClick={[Function]}
          title="Copy to Clipboard"
          type="button"
        >
          <svg
            className="emotion-4"
            color="#808080"
            data-file-name="copy.svg"
            width={20}
          />
        </button>
      </div>
    </div>
    <div
      className="emotion-7"
    >
      <div
        className="emotion-2"
      >
        <span
          title="metrics.pipeline.executionTime"
        >
          Execution Time
        </span>
      </div>
      <div
        className="emotion-3"
        title={0.26}
      >
        0.26
      </div>
      <div
        className="emotion-6"
      >
        <button
          className="emotion-5"
          onClick={[Function]}
          title="Copy to Clipboard"
          type="button"
        >
          <svg
            className="emotion-4"
            color="#808080"
            data-file-name="copy.svg"
            width={20}
          />
        </button>
      </div>
    </div>
    <div
      className="emotion-7"
    >
      <div
        className="emotion-2"
      >
        <span
          title="metrics.pipeline.executionDate"
        >
          Execution Date
        </span>
      </div>
      <div
        className="emotion-3"
        title="2020-03-03T21:22:28.215069"
      >
        2020-03-03 9:22 UTC
      </div>
      <div
        className="emotion-6"
      >
        <button
          className="emotion-5"
          onClick={[Function]}
          title="Copy to Clipboard"
          type="button"
        >
          <svg
            className="emotion-4"
            color="#808080"
            data-file-name="copy.svg"
            width={20}
          />
        </button>
      </div>
    </div>
  </div>,
  .emotion-14 {
  width: 100%;
}

.emotion-14:not(:first-of-type) {
  border-top: 4px solid #4a4a4a;
}

.emotion-1 {
  font-family: Roboto Condensed;
  padding: 16px;
}

.emotion-0 {
  padding-top: 8px;
  font-family: Roboto Mono;
  font-size: 14px;
  line-height: 18px;
  overflow: hidden;
  text-overflow: ellipsis;
}

.emotion-7 {
  display: -webkit-box;
  display: -webkit-flex;
  display: -ms-flexbox;
  display: flex;
}

.emotion-7:not(:first-of-type) {
  border-top: 1px solid #3b3b3b;
}

.emotion-7:hover {
  background-color: #027aff38;
}

.emotion-7:hover div {
  color: #ffffff;
}

.emotion-7:hover div svg {
  display: inline-block;
}

.emotion-2 {
  font-family: Roboto Condensed;
  color: #808080;
  padding: 12px;
  padding-left: 16px;
  padding-right: 8px;
  -webkit-flex: 1;
  -ms-flex: 1;
  flex: 1;
}

.emotion-3 {
  -webkit-flex: 4;
  -ms-flex: 4;
  flex: 4;
  font-family: Roboto Mono;
  font-size: 14px;
  line-height: 18px;
  color: #e0e0e0;
  padding: 12px;
  word-break: break-all;
}

.emotion-6 {
  width: 36px;
  padding-top: 12px;
  padding-left: 8px;
  padding-right: 16px;
}

.emotion-5 {
  -webkit-flex: 0;
  -ms-flex: 0;
  flex: 0;
  display: -webkit-box;
  display: -webkit-flex;
  display: -ms-flexbox;
  display: flex;
  -webkit-flex-direction: column;
  -ms-flex-direction: column;
  flex-direction: column;
  -webkit-align-items: center;
  -webkit-box-align: center;
  -ms-flex-align: center;
  align-items: center;
  -webkit-box-pack: center;
  -webkit-justify-content: center;
  -ms-flex-pack: center;
  justify-content: center;
  border-radius: 2px;
  margin: 0;
  padding: 12px 32px;
  white-space: nowrap;
  font-size: 15px;
  line-height: 19px;
  font-weight: 500;
  border: none;
  cursor: pointer;
  color: #ffffff;
  background-color: transparent;
  padding: 0;
}

.emotion-5:hover {
  -webkit-text-decoration: none;
  text-decoration: none;
}

.emotion-5[aria-disabled=true] {
  color: #2e2e2e;
}

.emotion-4 {
  display: none;
}

.emotion-4:hover {
  color: #ffffff;
}

<div
    className="emotion-14"
  >
    <div
      className="emotion-1"
    >
      PROCESSOR
      <div
        className="emotion-0"
        title="zmlp_core.office.importers.OfficeImporter"
      >
        zmlp_core.office.importers.OfficeImporter
      </div>
    </div>
    <div
      className="emotion-7"
    >
      <div
        className="emotion-2"
      >
        <span
          title="metrics.pipeline.module"
        >
          Module
        </span>
      </div>
      <div
        className="emotion-3"
        title="standard"
      >
        standard
      </div>
      <div
        className="emotion-6"
      >
        <button
          className="emotion-5"
          onClick={[Function]}
          title="Copy to Clipboard"
          type="button"
        >
          <svg
            className="emotion-4"
            color="#808080"
            data-file-name="copy.svg"
            width={20}
          />
        </button>
      </div>
    </div>
    <div
      className="emotion-7"
    >
      <div
        className="emotion-2"
      >
        <span
          title="metrics.pipeline.checksum"
        >
          Checksum
        </span>
      </div>
      <div
        className="emotion-3"
        title={2001473853}
      >
        2001473853
      </div>
      <div
        className="emotion-6"
      >
        <button
          className="emotion-5"
          onClick={[Function]}
          title="Copy to Clipboard"
          type="button"
        >
          <svg
            className="emotion-4"
            color="#808080"
            data-file-name="copy.svg"
            width={20}
          />
        </button>
      </div>
    </div>
  </div>,
  .emotion-14 {
  width: 100%;
}

.emotion-14:not(:first-of-type) {
  border-top: 4px solid #4a4a4a;
}

.emotion-1 {
  font-family: Roboto Condensed;
  padding: 16px;
}

.emotion-0 {
  padding-top: 8px;
  font-family: Roboto Mono;
  font-size: 14px;
  line-height: 18px;
  overflow: hidden;
  text-overflow: ellipsis;
}

.emotion-7 {
  display: -webkit-box;
  display: -webkit-flex;
  display: -ms-flexbox;
  display: flex;
}

.emotion-7:not(:first-of-type) {
  border-top: 1px solid #3b3b3b;
}

.emotion-7:hover {
  background-color: #027aff38;
}

.emotion-7:hover div {
  color: #ffffff;
}

.emotion-7:hover div svg {
  display: inline-block;
}

.emotion-2 {
  font-family: Roboto Condensed;
  color: #808080;
  padding: 12px;
  padding-left: 16px;
  padding-right: 8px;
  -webkit-flex: 1;
  -ms-flex: 1;
  flex: 1;
}

.emotion-3 {
  -webkit-flex: 4;
  -ms-flex: 4;
  flex: 4;
  font-family: Roboto Mono;
  font-size: 14px;
  line-height: 18px;
  color: #e0e0e0;
  padding: 12px;
  word-break: break-all;
}

.emotion-6 {
  width: 36px;
  padding-top: 12px;
  padding-left: 8px;
  padding-right: 16px;
}

.emotion-5 {
  -webkit-flex: 0;
  -ms-flex: 0;
  flex: 0;
  display: -webkit-box;
  display: -webkit-flex;
  display: -ms-flexbox;
  display: flex;
  -webkit-flex-direction: column;
  -ms-flex-direction: column;
  flex-direction: column;
  -webkit-align-items: center;
  -webkit-box-align: center;
  -ms-flex-align: center;
  align-items: center;
  -webkit-box-pack: center;
  -webkit-justify-content: center;
  -ms-flex-pack: center;
  justify-content: center;
  border-radius: 2px;
  margin: 0;
  padding: 12px 32px;
  white-space: nowrap;
  font-size: 15px;
  line-height: 19px;
  font-weight: 500;
  border: none;
  cursor: pointer;
  color: #ffffff;
  background-color: transparent;
  padding: 0;
}

.emotion-5:hover {
  -webkit-text-decoration: none;
  text-decoration: none;
}

.emotion-5[aria-disabled=true] {
  color: #2e2e2e;
}

.emotion-4 {
  display: none;
}

.emotion-4:hover {
  color: #ffffff;
}

<div
    className="emotion-14"
  >
    <div
      className="emotion-1"
    >
      PROCESSOR
      <div
        className="emotion-0"
        title="zmlp_core.video.VideoImporter"
      >
        zmlp_core.video.VideoImporter
      </div>
    </div>
    <div
      className="emotion-7"
    >
      <div
        className="emotion-2"
      >
        <span
          title="metrics.pipeline.module"
        >
          Module
        </span>
      </div>
      <div
        className="emotion-3"
        title="standard"
      >
        standard
      </div>
      <div
        className="emotion-6"
      >
        <button
          className="emotion-5"
          onClick={[Function]}
          title="Copy to Clipboard"
          type="button"
        >
          <svg
            className="emotion-4"
            color="#808080"
            data-file-name="copy.svg"
            width={20}
          />
        </button>
      </div>
    </div>
    <div
      className="emotion-7"
    >
      <div
        className="emotion-2"
      >
        <span
          title="metrics.pipeline.checksum"
        >
          Checksum
        </span>
      </div>
      <div
        className="emotion-3"
        title={3310423168}
      >
        3310423168
      </div>
      <div
        className="emotion-6"
      >
        <button
          className="emotion-5"
          onClick={[Function]}
          title="Copy to Clipboard"
          type="button"
        >
          <svg
            className="emotion-4"
            color="#808080"
            data-file-name="copy.svg"
            width={20}
          />
        </button>
      </div>
    </div>
  </div>,
  .emotion-26 {
  width: 100%;
}

.emotion-26:not(:first-of-type) {
  border-top: 4px solid #4a4a4a;
}

.emotion-1 {
  font-family: Roboto Condensed;
  padding: 16px;
}

.emotion-0 {
  padding-top: 8px;
  font-family: Roboto Mono;
  font-size: 14px;
  line-height: 18px;
  overflow: hidden;
  text-overflow: ellipsis;
}

.emotion-7 {
  display: -webkit-box;
  display: -webkit-flex;
  display: -ms-flexbox;
  display: flex;
}

.emotion-7:not(:first-of-type) {
  border-top: 1px solid #3b3b3b;
}

.emotion-7:hover {
  background-color: #027aff38;
}

.emotion-7:hover div {
  color: #ffffff;
}

.emotion-7:hover div svg {
  display: inline-block;
}

.emotion-2 {
  font-family: Roboto Condensed;
  color: #808080;
  padding: 12px;
  padding-left: 16px;
  padding-right: 8px;
  -webkit-flex: 1;
  -ms-flex: 1;
  flex: 1;
}

.emotion-3 {
  -webkit-flex: 4;
  -ms-flex: 4;
  flex: 4;
  font-family: Roboto Mono;
  font-size: 14px;
  line-height: 18px;
  color: #e0e0e0;
  padding: 12px;
  word-break: break-all;
}

.emotion-6 {
  width: 36px;
  padding-top: 12px;
  padding-left: 8px;
  padding-right: 16px;
}

.emotion-5 {
  -webkit-flex: 0;
  -ms-flex: 0;
  flex: 0;
  display: -webkit-box;
  display: -webkit-flex;
  display: -ms-flexbox;
  display: flex;
  -webkit-flex-direction: column;
  -ms-flex-direction: column;
  flex-direction: column;
  -webkit-align-items: center;
  -webkit-box-align: center;
  -ms-flex-align: center;
  align-items: center;
  -webkit-box-pack: center;
  -webkit-justify-content: center;
  -ms-flex-pack: center;
  justify-content: center;
  border-radius: 2px;
  margin: 0;
  padding: 12px 32px;
  white-space: nowrap;
  font-size: 15px;
  line-height: 19px;
  font-weight: 500;
  border: none;
  cursor: pointer;
  color: #ffffff;
  background-color: transparent;
  padding: 0;
}

.emotion-5:hover {
  -webkit-text-decoration: none;
  text-decoration: none;
}

.emotion-5[aria-disabled=true] {
  color: #2e2e2e;
}

.emotion-4 {
  display: none;
}

.emotion-4:hover {
  color: #ffffff;
}

<div
    className="emotion-26"
  >
    <div
      className="emotion-1"
    >
      PROCESSOR
      <div
        className="emotion-0"
        title="zmlp_core.core.processors.AssertAttributesProcessor"
      >
        zmlp_core.core.processors.AssertAttributesProcessor
      </div>
    </div>
    <div
      className="emotion-7"
    >
      <div
        className="emotion-2"
      >
        <span
          title="metrics.pipeline.module"
        >
          Module
        </span>
      </div>
      <div
        className="emotion-3"
        title="standard"
      >
        standard
      </div>
      <div
        className="emotion-6"
      >
        <button
          className="emotion-5"
          onClick={[Function]}
          title="Copy to Clipboard"
          type="button"
        >
          <svg
            className="emotion-4"
            color="#808080"
            data-file-name="copy.svg"
            width={20}
          />
        </button>
      </div>
    </div>
    <div
      className="emotion-7"
    >
      <div
        className="emotion-2"
      >
        <span
          title="metrics.pipeline.checksum"
        >
          Checksum
        </span>
      </div>
      <div
        className="emotion-3"
        title={1841569083}
      >
        1841569083
      </div>
      <div
        className="emotion-6"
      >
        <button
          className="emotion-5"
          onClick={[Function]}
          title="Copy to Clipboard"
          type="button"
        >
          <svg
            className="emotion-4"
            color="#808080"
            data-file-name="copy.svg"
            width={20}
          />
        </button>
      </div>
    </div>
    <div
      className="emotion-7"
    >
      <div
        className="emotion-2"
      >
        <span
          title="metrics.pipeline.executionTime"
        >
          Execution Time
        </span>
      </div>
      <div
        className="emotion-3"
        title={0}
      >
        0
      </div>
      <div
        className="emotion-6"
      >
        <button
          className="emotion-5"
          onClick={[Function]}
          title="Copy to Clipboard"
          type="button"
        >
          <svg
            className="emotion-4"
            color="#808080"
            data-file-name="copy.svg"
            width={20}
          />
        </button>
      </div>
    </div>
    <div
      className="emotion-7"
    >
      <div
        className="emotion-2"
      >
        <span
          title="metrics.pipeline.executionDate"
        >
          Execution Date
        </span>
      </div>
      <div
        className="emotion-3"
        title="2020-03-03T21:22:29.654215"
      >
        2020-03-03 9:22 UTC
      </div>
      <div
        className="emotion-6"
      >
        <button
          className="emotion-5"
          onClick={[Function]}
          title="Copy to Clipboard"
          type="button"
        >
          <svg
            className="emotion-4"
            color="#808080"
            data-file-name="copy.svg"
            width={20}
          />
        </button>
      </div>
    </div>
  </div>,
]
`;
